Component: ARM Compiler 5.06 update 6 (build 750) Tool: armlink [4d35ed]

==============================================================================

Section Cross References

    startup_stm32f103xb.o(STACK) refers (Special) to heapauxi.o(.text) for __use_two_region_memory
    startup_stm32f103xb.o(HEAP) refers (Special) to heapauxi.o(.text) for __use_two_region_memory
    startup_stm32f103xb.o(RESET) refers (Special) to heapauxi.o(.text) for __use_two_region_memory
    startup_stm32f103xb.o(RESET) refers to startup_stm32f103xb.o(STACK) for __initial_sp
    startup_stm32f103xb.o(RESET) refers to startup_stm32f103xb.o(.text) for Reset_Handler
    startup_stm32f103xb.o(RESET) refers to stm32f1xx_it.o(i.NMI_Handler) for NMI_Handler
    startup_stm32f103xb.o(RESET) refers to stm32f1xx_it.o(i.HardFault_Handler) for HardFault_Handler
    startup_stm32f103xb.o(RESET) refers to stm32f1xx_it.o(i.MemManage_Handler) for MemManage_Handler
    startup_stm32f103xb.o(RESET) refers to stm32f1xx_it.o(i.BusFault_Handler) for BusFault_Handler
    startup_stm32f103xb.o(RESET) refers to stm32f1xx_it.o(i.UsageFault_Handler) for UsageFault_Handler
    startup_stm32f103xb.o(RESET) refers to port.o(.emb_text) for SVC_Handler
    startup_stm32f103xb.o(RESET) refers to stm32f1xx_it.o(i.DebugMon_Handler) for DebugMon_Handler
    startup_stm32f103xb.o(RESET) refers to stm32f1xx_it.o(i.SysTick_Handler) for SysTick_Handler
    startup_stm32f103xb.o(RESET) refers to stm32f1xx_it.o(i.RTC_IRQHandler) for RTC_IRQHandler
    startup_stm32f103xb.o(RESET) refers to stm32f1xx_it.o(i.EXTI9_5_IRQHandler) for EXTI9_5_IRQHandler
    startup_stm32f103xb.o(RESET) refers to stm32f1xx_it.o(i.RTC_Alarm_IRQHandler) for RTC_Alarm_IRQHandler
    startup_stm32f103xb.o(.text) refers (Special) to heapauxi.o(.text) for __use_two_region_memory
    startup_stm32f103xb.o(.text) refers to system_stm32f1xx.o(i.SystemInit) for SystemInit
    startup_stm32f103xb.o(.text) refers to __main.o(!!!main) for __main
    startup_stm32f103xb.o(.text) refers to startup_stm32f103xb.o(HEAP) for Heap_Mem
    startup_stm32f103xb.o(.text) refers to startup_stm32f103xb.o(STACK) for Stack_Mem
    main.o(.rev16_text) refers (Special) to use_no_semi_2.o(.text) for __use_no_semihosting
    main.o(.revsh_text) refers (Special) to use_no_semi_2.o(.text) for __use_no_semihosting
    main.o(.rrx_text) refers (Special) to use_no_semi_2.o(.text) for __use_no_semihosting
    main.o(i.Error_Handler) refers (Special) to use_no_semi_2.o(.text) for __use_no_semihosting
    main.o(i.SystemClock_Config) refers (Special) to use_no_semi_2.o(.text) for __use_no_semihosting
    main.o(i.SystemClock_Config) refers to rt_memclr_w.o(.text) for __aeabi_memclr4
    main.o(i.SystemClock_Config) refers to stm32f1xx_hal_rcc.o(i.HAL_RCC_OscConfig) for HAL_RCC_OscConfig
    main.o(i.SystemClock_Config) refers to stm32f1xx_hal_rcc.o(i.HAL_RCC_ClockConfig) for HAL_RCC_ClockConfig
    main.o(i.SystemClock_Config) refers to stm32f1xx_hal_rcc_ex.o(i.HAL_RCCEx_PeriphCLKConfig) for HAL_RCCEx_PeriphCLKConfig
    main.o(i._sys_exit) refers (Special) to use_no_semi_2.o(.text) for __use_no_semihosting
    main.o(i.delay_us) refers (Special) to use_no_semi_2.o(.text) for __use_no_semihosting
    main.o(i.delay_us) refers to system_stm32f1xx.o(.data) for SystemCoreClock
    main.o(i.fputc) refers (Special) to use_no_semi_2.o(.text) for __use_no_semihosting
    main.o(i.main) refers (Special) to use_no_semi_2.o(.text) for __use_no_semihosting
    main.o(i.main) refers to _printf_pad.o(.text) for _printf_pre_padding
    main.o(i.main) refers to _printf_percent.o(.ARM.Collect$$_printf_percent$$00000000) for _printf_percent
    main.o(i.main) refers to _printf_d.o(.ARM.Collect$$_printf_percent$$00000009) for _printf_d
    main.o(i.main) refers to _printf_dec.o(.text) for _printf_int_dec
    main.o(i.main) refers to stm32f1xx_hal.o(i.HAL_Init) for HAL_Init
    main.o(i.main) refers to main.o(i.SystemClock_Config) for SystemClock_Config
    main.o(i.main) refers to gpio.o(i.MX_GPIO_Init) for MX_GPIO_Init
    main.o(i.main) refers to led.o(i.LED_RGB_Init) for LED_RGB_Init
    main.o(i.main) refers to usart.o(i.MX_USART1_UART_Init) for MX_USART1_UART_Init
    main.o(i.main) refers to rtc.o(i.MX_RTC_Init) for MX_RTC_Init
    main.o(i.main) refers to i2c.o(i.MX_I2C1_Init) for MX_I2C1_Init
    main.o(i.main) refers to i2c.o(i.MX_I2C2_Init) for MX_I2C2_Init
    main.o(i.main) refers to oled.o(i.OLED_Init) for OLED_Init
    main.o(i.main) refers to oled.o(i.OLED_Clear) for OLED_Clear
    main.o(i.main) refers to led.o(i.LED0_Init) for LED0_Init
    main.o(i.main) refers to app_power_gate.o(i.AppPowerGate_Init) for AppPowerGate_Init
    main.o(i.main) refers to cmsis_os2.o(i.osKernelInitialize) for osKernelInitialize
    main.o(i.main) refers to freertos.o(i.MX_FREERTOS_Init) for MX_FREERTOS_Init
    main.o(i.main) refers to cmsis_os2.o(i.osKernelStart) for osKernelStart
[...]
    __rt_lib_init_rand_1                     0x080001b9   Thumb Code     0  libinit2.o(.ARM.Collect$$libinit$$0000000E)
    __rt_lib_init_user_alloc_1               0x080001b9   Thumb Code     0  libinit2.o(.ARM.Collect$$libinit$$0000000C)
    __rt_lib_init_lc_collate_1               0x080001bf   Thumb Code     0  libinit2.o(.ARM.Collect$$libinit$$00000011)
    __rt_lib_init_lc_ctype_1                 0x080001bf   Thumb Code     0  libinit2.o(.ARM.Collect$$libinit$$00000013)
    __rt_lib_init_lc_monetary_1              0x080001bf   Thumb Code     0  libinit2.o(.ARM.Collect$$libinit$$00000015)
    __rt_lib_init_lc_numeric_2               0x080001bf   Thumb Code     0  libinit2.o(.ARM.Collect$$libinit$$00000016)
    __rt_lib_init_alloca_1                   0x080001c9   Thumb Code     0  libinit2.o(.ARM.Collect$$libinit$$0000002E)
    __rt_lib_init_argv_1                     0x080001c9   Thumb Code     0  libinit2.o(.ARM.Collect$$libinit$$0000002C)
    __rt_lib_init_atexit_1                   0x080001c9   Thumb Code     0  libinit2.o(.ARM.Collect$$libinit$$0000001B)
    __rt_lib_init_clock_1                    0x080001c9   Thumb Code     0  libinit2.o(.ARM.Collect$$libinit$$00000021)
    __rt_lib_init_cpp_1                      0x080001c9   Thumb Code     0  libinit2.o(.ARM.Collect$$libinit$$00000032)
    __rt_lib_init_exceptions_1               0x080001c9   Thumb Code     0  libinit2.o(.ARM.Collect$$libinit$$00000030)
    __rt_lib_init_fp_trap_1                  0x080001c9   Thumb Code     0  libinit2.o(.ARM.Collect$$libinit$$0000001F)
    __rt_lib_init_getenv_1                   0x080001c9   Thumb Code     0  libinit2.o(.ARM.Collect$$libinit$$00000023)
    __rt_lib_init_lc_numeric_1               0x080001c9   Thumb Code     0  libinit2.o(.ARM.Collect$$libinit$$00000017)
    __rt_lib_init_lc_time_1                  0x080001c9   Thumb Code     0  libinit2.o(.ARM.Collect$$libinit$$00000019)
    __rt_lib_init_return                     0x080001c9   Thumb Code     0  libinit2.o(.ARM.Collect$$libinit$$00000033)
    __rt_lib_init_signal_1                   0x080001c9   Thumb Code     0  libinit2.o(.ARM.Collect$$libinit$$0000001D)
    __rt_lib_init_stdio_1                    0x080001c9   Thumb Code     0  libinit2.o(.ARM.Collect$$libinit$$00000025)
    __rt_lib_shutdown                        0x080001cb   Thumb Code     0  libshutdown.o(.ARM.Collect$$libshutdown$$00000000)
    __rt_lib_shutdown_cpp_1                  0x080001cd   Thumb Code     0  libshutdown2.o(.ARM.Collect$$libshutdown$$00000002)
    __rt_lib_shutdown_fp_trap_1              0x080001cd   Thumb Code     0  libshutdown2.o(.ARM.Collect$$libshutdown$$00000007)
    __rt_lib_shutdown_heap_1                 0x080001cd   Thumb Code     0  libshutdown2.o(.ARM.Collect$$libshutdown$$0000000F)
    __rt_lib_shutdown_return                 0x080001cd   Thumb Code     0  libshutdown2.o(.ARM.Collect$$libshutdown$$00000010)
    __rt_lib_shutdown_signal_1               0x080001cd   Thumb Code     0  libshutdown2.o(.ARM.Collect$$libshutdown$$0000000A)
    __rt_lib_shutdown_stdio_1                0x080001cd   Thumb Code     0  libshutdown2.o(.ARM.Collect$$libshutdown$$00000004)
    __rt_lib_shutdown_user_alloc_1           0x080001cd   Thumb Code     0  libshutdown2.o(.ARM.Collect$$libshutdown$$0000000C)
    __rt_entry                               0x080001cf   Thumb Code     0  __rtentry.o(.ARM.Collect$$rtentry$$00000000)
    __rt_entry_presh_1                       0x080001cf   Thumb Code     0  __rtentry2.o(.ARM.Collect$$rtentry$$00000002)
    __rt_entry_sh                            0x080001cf   Thumb Code     0  __rtentry4.o(.ARM.Collect$$rtentry$$00000004)
    __rt_entry_li                            0x080001d5   Thumb Code     0  __rtentry2.o(.ARM.Collect$$rtentry$$0000000A)
    __rt_entry_postsh_1                      0x080001d5   Thumb Code     0  __rtentry2.o(.ARM.Collect$$rtentry$$00000009)
    __rt_entry_main                          0x080001d9   Thumb Code     0  __rtentry2.o(.ARM.Collect$$rtentry$$0000000D)
    __rt_entry_postli_1                      0x080001d9   Thumb Code     0  __rtentry2.o(.ARM.Collect$$rtentry$$0000000C)
    __rt_exit                                0x080001e1   Thumb Code     0  rtexit.o(.ARM.Collect$$rtexit$$00000000)
    __rt_exit_ls                             0x080001e3   Thumb Code     0  rtexit2.o(.ARM.Collect$$rtexit$$00000003)
    __rt_exit_prels_1                        0x080001e3   Thumb Code     0  rtexit2.o(.ARM.Collect$$rtexit$$00000002)
    __rt_exit_exit                           0x080001e7   Thumb Code     0  rtexit2.o(.ARM.Collect$$rtexit$$00000004)
    SVC_Handler                              0x080001ed   Thumb Code    32  port.o(.emb_text)
    __asm___6_port_c_39a90d8d__prvStartFirstTask 0x08000211   Thumb Code    28  port.o(.emb_text)
    PendSV_Handler                           0x08000231   Thumb Code    72  port.o(.emb_text)
    vPortGetIPSR                             0x0800027d   Thumb Code     6  port.o(.emb_text)
    Reset_Handler                            0x08000285   Thumb Code     8  startup_stm32f103xb.o(.text)
    ADC1_2_IRQHandler                        0x0800029f   Thumb Code     0  startup_stm32f103xb.o(.text)
    CAN1_RX1_IRQHandler                      0x0800029f   Thumb Code     0  startup_stm32f103xb.o(.text)
    CAN1_SCE_IRQHandler                      0x0800029f   Thumb Code     0  startup_stm32f103xb.o(.text)
    DMA1_Channel1_IRQHandler                 0x0800029f   Thumb Code     0  startup_stm32f103xb.o(.text)
    DMA1_Channel2_IRQHandler                 0x0800029f   Thumb Code     0  startup_stm32f103xb.o(.text)
    DMA1_Channel3_IRQHandler                 0x0800029f   Thumb Code     0  startup_stm32f103xb.o(.text)
    DMA1_Channel4_IRQHandler                 0x0800029f   Thumb Code     0  startup_stm32f103xb.o(.text)
    DMA1_Channel5_IRQHandler                 0x0800029f   Thumb Code     0  startup_stm32f103xb.o(.text)
    DMA1_Channel6_IRQHandler                 0x0800029f   Thumb Code     0  startup_stm32f103xb.o(.text)
    DMA1_Channel7_IRQHandler                 0x0800029f   Thumb Code     0  startup_stm32f103xb.o(.text)
    EXTI0_IRQHandler                         0x0800029f   Thumb Code     0  startup_stm32f103xb.o(.text)
    EXTI15_10_IRQHandler                     0x0800029f   Thumb Code     0  startup_stm32f103xb.o(.text)
    EXTI1_IRQHandler                         0x0800029f   Thumb Code     0  startup_stm32f103xb.o(.text)
    EXTI2_IRQHandler                         0x0800029f   Thumb Code     0  startup_stm32f103xb.o(.text)
    EXTI3_IRQHandler                         0x0800029f   Thumb Code     0  startup_stm32f103xb.o(.text)
    EXTI4_IRQHandler                         0x0800029f   Thumb Code     0  startup_stm32f103xb.o(.text)
    FLASH_IRQHandler                         0x0800029f   Thumb Code     0  startup_stm32f103xb.o(.text)
    I2C1_ER_IRQHandler                       0x0800029f   Thumb Code     0  startup_stm32f103xb.o(.text)
    I2C1_EV_IRQHandler                       0x0800029f   Thumb Code     0  startup_stm32f103xb.o(.text)
    I2C2_ER_IRQHandler                       0x0800029f   Thumb Code     0  startup_stm32f103xb.o(.text)
    I2C2_EV_IRQHandler                       0x0800029f   Thumb Code     0  startup_stm32f103xb.o(.text)
    PVD_IRQHandler                           0x0800029f   Thumb Code     0  startup_stm32f103xb.o(.text)
    RCC_IRQHandler                           0x0800029f   Thumb Code     0  startup_stm32f103xb.o(.text)
    SPI1_IRQHandler                          0x0800029f   Thumb Code     0  startup_stm32f103xb.o(.text)
    SPI2_IRQHandler                          0x0800029f   Thumb Code     0  startup_stm32f103xb.o(.text)
    TAMPER_IRQHandler                        0x0800029f   Thumb Code     0  startup_stm32f103xb.o(.text)
    TIM1_BRK_IRQHandler                      0x0800029f   Thumb Code     0  startup_stm32f103xb.o(.text)
    TIM1_CC_IRQHandler                       0x0800029f   Thumb Code     0  startup_stm32f103xb.o(.text)
    TIM1_TRG_COM_IRQHandler                  0x0800029f   Thumb Code     0  startup_stm32f103xb.o(.text)
    TIM1_UP_IRQHandler                       0x0800029f   Thumb Code     0  startup_stm32f103xb.o(.text)
    TIM2_IRQHandler                          0x0800029f   Thumb Code     0  startup_stm32f103xb.o(.text)
    TIM3_IRQHandler                          0x0800029f   Thumb Code     0  startup_stm32f103xb.o(.text)
    TIM4_IRQHandler                          0x0800029f   Thumb Code     0  startup_stm32f103xb.o(.text)
    USART1_IRQHandler                        0x0800029f   Thumb Code     0  startup_stm32f103xb.o(.text)
    USART2_IRQHandler                        0x0800029f   Thumb Code     0  startup_stm32f103xb.o(.text)
    USART3_IRQHandler                        0x0800029f   Thumb Code     0  startup_stm32f103xb.o(.text)
    USBWakeUp_IRQHandler                     0x0800029f   Thumb Code     0  startup_stm32f103xb.o(.text)
    USB_HP_CAN1_TX_IRQHandler                0x0800029f   Thumb Code     0  startup_stm32f103xb.o(.text)
    USB_LP_CAN1_RX0_IRQHandler               0x0800029f   Thumb Code     0  startup_stm32f103xb.o(.text)
    WWDG_IRQHandler                          0x0800029f   Thumb Code     0  startup_stm32f103xb.o(.text)
    __user_initial_stackheap                 0x080002a1   Thumb Code     0  startup_stm32f103xb.o(.text)
    __use_no_semihosting                     0x080002c5   Thumb Code     2  use_no_semi_2.o(.text)
    __2printf                                0x080002c9   Thumb Code    20  noretval__2printf.o(.text)
    __2sprintf                               0x080002e1   Thumb Code    34  noretval__2sprintf.o(.text)
    _printf_pre_padding                      0x08000309   Thumb Code    44  _printf_pad.o(.text)
    _printf_post_padding                     0x08000335   Thumb Code    34  _printf_pad.o(.text)
    _printf_str                              0x08000357   Thumb Code    82  _printf_str.o(.text)
    _printf_int_dec                          0x080003a9   Thumb Code   104  _printf_dec.o(.text)
    __printf                                 0x08000421   Thumb Code   308  __printf_flags_wp.o(.text)
    __aeabi_memcpy                           0x08000559   Thumb Code     0  rt_memcpy_v6.o(.text)
    __rt_memcpy                              0x08000559   Thumb Code   138  rt_memcpy_v6.o(.text)
    _memcpy_lastbytes                        0x080005bf   Thumb Code     0  rt_memcpy_v6.o(.text)
    __aeabi_memset                           0x080005e3   Thumb Code    16  aeabi_memset.o(.text)
    __aeabi_memclr4                          0x080005f3   Thumb Code     0  rt_memclr_w.o(.text)
    __aeabi_memclr8                          0x080005f3   Thumb Code     0  rt_memclr_w.o(.text)
    __rt_memclr_w                            0x080005f3   Thumb Code    78  rt_memclr_w.o(.text)
    _memset_w                                0x080005f7   Thumb Code     0  rt_memclr_w.o(.text)
    __use_two_region_memory                  0x08000641   Thumb Code     2  heapauxi.o(.text)
    __rt_heap_escrow$2region                 0x08000643   Thumb Code     2  heapauxi.o(.text)
    __rt_heap_expand$2region                 0x08000645   Thumb Code     2  heapauxi.o(.text)
    __I$use$semihosting                      0x08000647   Thumb Code     0  use_no_semi.o(.text)
    __use_no_semihosting_swi                 0x08000647   Thumb Code     2  use_no_semi.o(.text)
    _printf_int_common                       0x08000649   Thumb Code   178  _printf_intcommon.o(.text)
    __lib_sel_fp_printf                      0x080006fb   Thumb Code     2  _printf_fp_dec.o(.text)
    _printf_fp_dec_real                      0x080008ad   Thumb Code   620  _printf_fp_dec.o(.text)
    _printf_char_common                      0x08000b23   Thumb Code    32  _printf_char_common.o(.text)
    _sputc                                   0x08000b49   Thumb Code    10  _sputc.o(.text)
    _printf_cs_common                        0x08000b53   Thumb Code    20  _printf_char.o(.text)
    _printf_char                             0x08000b67   Thumb Code    16  _printf_char.o(.text)
    _printf_string                           0x08000b77   Thumb Code     8  _printf_char.o(.text)
    _printf_char_file                        0x08000b81   Thumb Code    32  _printf_char_file.o(.text)
    __aeabi_memcpy4                          0x08000ba5   Thumb Code     0  rt_memcpy_w.o(.text)
    __aeabi_memcpy8                          0x08000ba5   Thumb Code     0  rt_memcpy_w.o(.text)
    __rt_memcpy_w                            0x08000ba5   Thumb Code   100  rt_memcpy_w.o(.text)
    _memcpy_lastbytes_aligned                0x08000bed   Thumb Code     0  rt_memcpy_w.o(.text)
    __aeabi_memclr                           0x08000c09   Thumb Code     0  rt_memclr.o(.text)
    __rt_memclr                              0x08000c09   Thumb Code    68  rt_memclr.o(.text)
    _memset                                  0x08000c0d   Thumb Code     0  rt_memclr.o(.text)
    __rt_locale                              0x08000c4d   Thumb Code     8  rt_locale_intlibspace.o(.text)
    _ll_udiv10                               0x08000c55   Thumb Code   138  lludiv10.o(.text)
    _printf_fp_infnan                        0x08000ce1   Thumb Code   112  _printf_fp_infnan.o(.text)
    _btod_etento                             0x08000d61   Thumb Code   224  bigflt0.o(.text)
    ferror                                   0x08000e45   Thumb Code     8  ferror.o(.text)
    __user_libspace                          0x08000e4d   Thumb Code     8  libspace.o(.text)
    __user_perproc_libspace                  0x08000e4d   Thumb Code     0  libspace.o(.text)
    __user_perthread_libspace                0x08000e4d   Thumb Code     0  libspace.o(.text)
    __user_setup_stackheap                   0x08000e55   Thumb Code    74  sys_stackheap_outer.o(.text)
    exit                                     0x08000e9f   Thumb Code    18  exit.o(.text)
    strcmp                                   0x08000eb1   Thumb Code   128  strcmpv7m.o(.text)
    _btod_d2e                                0x08000f31   Thumb Code    62  btod.o(CL$$btod_d2e)
    _d2e_denorm_low                          0x08000f6f   Thumb Code    70  btod.o(CL$$btod_d2e_denorm_low)
    _d2e_norm_op1                            0x08000fb5   Thumb Code    96  btod.o(CL$$btod_d2e_norm_op1)
    __btod_div_common                        0x08001015   Thumb Code   696  btod.o(CL$$btod_div_common)
    _e2e                                     0x0800134d   Thumb Code   220  btod.o(CL$$btod_e2e)
    _btod_ediv                               0x08001429   Thumb Code    42  btod.o(CL$$btod_ediv)
    _btod_emul                               0x08001453   Thumb Code    42  btod.o(CL$$btod_emul)
    __btod_mult_common                       0x0800147d   Thumb Code   580  btod.o(CL$$btod_mult_common)
    AppPowerGate_Acquire                     0x080016c1   Thumb Code    50  app_power_gate.o(i.AppPowerGate_Acquire)
    AppPowerGate_Init                        0x080016f9   Thumb Code    42  app_power_gate.o(i.AppPowerGate_Init)
    AppPowerGate_Release                     0x08001729   Thumb Code    58  app_power_gate.o(i.AppPowerGate_Release)
    AppTask_BreathingLed                     0x08001769   Thumb Code    50  app_breathingled.o(i.AppTask_BreathingLed)
    AppTask_DHT11Read                        0x080017a5   Thumb Code   204  app_dht11.o(i.AppTask_DHT11Read)
    AppTask_Gui                              0x08001899   Thumb Code   382  ui_task.o(i.AppTask_Gui)
    AppTask_Key                              0x08001a2d   Thumb Code   358  app_key.o(i.AppTask_Key)
    AppTask_MPU6050Read                      0x08001bb5   Thumb Code   162  app_mpu6050.o(i.AppTask_MPU6050Read)
    AppTask_RTCRead                          0x08001c69   Thumb Code    72  app_rtc.o(i.AppTask_RTCRead)
    BusFault_Handler                         0x08001cbd   Thumb Code     2  stm32f1xx_it.o(i.BusFault_Handler)
    DHT11_Data_Ui                            0x08001cc1   Thumb Code   118  ui_dht11.o(i.DHT11_Data_Ui)
    DHT11_Power_Close                        0x08001d5d   Thumb Code    12  dht11.o(i.DHT11_Power_Close)
    DHT11_Power_Open                         0x08001d6d   Thumb Code    10  dht11.o(i.DHT11_Power_Open)
    DHT11_REC_Data                           0x08001d7d   Thumb Code   304  dht11.o(i.DHT11_REC_Data)
    DebugMon_Handler                         0x08001f31   Thumb Code     2  stm32f1xx_it.o(i.DebugMon_Handler)
    EXTI9_5_IRQHandler                       0x08001f33   Thumb Code    18  stm32f1xx_it.o(i.EXTI9_5_IRQHandler)
    Error_Handler                            0x08001f45   Thumb Code     4  main.o(i.Error_Handler)
    Execute_LowPower_Toggle                  0x08001f49   Thumb Code    84  ui_lowpower.o(i.Execute_LowPower_Toggle)
    Execute_Menu_Action                      0x08001fb1   Thumb Code   110  ui_menu.o(i.Execute_Menu_Action)
    Execute_RGB_Action                       0x08002041   Thumb Code   202  ui_rgb.o(i.Execute_RGB_Action)
    HAL_Delay                                0x080022ad   Thumb Code    32  stm32f1xx_hal.o(i.HAL_Delay)
    HAL_GPIO_DeInit                          0x080022d1   Thumb Code   254  stm32f1xx_hal_gpio.o(i.HAL_GPIO_DeInit)
    HAL_GPIO_EXTI_Callback                   0x080023e9   Thumb Code    24  stm32f1xx_it.o(i.HAL_GPIO_EXTI_Callback)
    HAL_GPIO_EXTI_IRQHandler                 0x08002405   Thumb Code    18  stm32f1xx_hal_gpio.o(i.HAL_GPIO_EXTI_IRQHandler)
    HAL_GPIO_Init                            0x0800241d   Thumb Code   446  stm32f1xx_hal_gpio.o(i.HAL_GPIO_Init)
    HAL_GPIO_ReadPin                         0x080025fd   Thumb Code    10  stm32f1xx_hal_gpio.o(i.HAL_GPIO_ReadPin)
    HAL_GPIO_TogglePin                       0x08002607   Thumb Code    16  stm32f1xx_hal_gpio.o(i.HAL_GPIO_TogglePin)
    HAL_GPIO_WritePin                        0x08002617   Thumb Code    10  stm32f1xx_hal_gpio.o(i.HAL_GPIO_WritePin)
    HAL_GetTick                              0x08002621   Thumb Code     6  stm32f1xx_hal.o(i.HAL_GetTick)
    HAL_I2C_DeInit                           0x0800262d   Thumb Code    50  stm32f1xx_hal_i2c.o(i.HAL_I2C_DeInit)
    HAL_I2C_Init                             0x08002661   Thumb Code   376  stm32f1xx_hal_i2c.o(i.HAL_I2C_Init)
    HAL_I2C_Mem_Read                         0x080027e9   Thumb Code   586  stm32f1xx_hal_i2c.o(i.HAL_I2C_Mem_Read)
    HAL_I2C_Mem_Write                        0x08002a45   Thumb Code   294  stm32f1xx_hal_i2c.o(i.HAL_I2C_Mem_Write)
    HAL_I2C_MspDeInit                        0x08002b75   Thumb Code    72  i2c.o(i.HAL_I2C_MspDeInit)
    HAL_I2C_MspInit                          0x08002bcd   Thumb Code   148  i2c.o(i.HAL_I2C_MspInit)
    HAL_IncTick                              0x08002c75   Thumb Code    12  stm32f1xx_hal.o(i.HAL_IncTick)
    HAL_Init                                 0x08002c85   Thumb Code    32  stm32f1xx_hal.o(i.HAL_Init)
    HAL_InitTick                             0x08002ca9   Thumb Code    54  stm32f1xx_hal.o(i.HAL_InitTick)
    HAL_MspInit                              0x08002ce9   Thumb Code    62  stm32f1xx_hal_msp.o(i.HAL_MspInit)
    HAL_NVIC_EnableIRQ                       0x08002d31   Thumb Code    26  stm32f1xx_hal_cortex.o(i.HAL_NVIC_EnableIRQ)
    HAL_NVIC_SetPriority                     0x08002d4d   Thumb Code    60  stm32f1xx_hal_cortex.o(i.HAL_NVIC_SetPriority)
    HAL_NVIC_SetPriorityGrouping             0x08002d8d   Thumb Code    26  stm32f1xx_hal_cortex.o(i.HAL_NVIC_SetPriorityGrouping)
    HAL_PWR_EnableBkUpAccess                 0x08002db1   Thumb Code     8  stm32f1xx_hal_pwr.o(i.HAL_PWR_EnableBkUpAccess)
    HAL_PWR_EnterSTOPMode                    0x08002dbd   Thumb Code    60  stm32f1xx_hal_pwr.o(i.HAL_PWR_EnterSTOPMode)
    HAL_RCCEx_GetPeriphCLKFreq               0x08002e01   Thumb Code   148  stm32f1xx_hal_rcc_ex.o(i.HAL_RCCEx_GetPeriphCLKFreq)
    HAL_RCCEx_PeriphCLKConfig                0x08002ea5   Thumb Code   224  stm32f1xx_hal_rcc_ex.o(i.HAL_RCCEx_PeriphCLKConfig)
    HAL_RCC_ClockConfig                      0x08002f91   Thumb Code   280  stm32f1xx_hal_rcc.o(i.HAL_RCC_ClockConfig)
    HAL_RCC_GetPCLK1Freq                     0x080030bd   Thumb Code    20  stm32f1xx_hal_rcc.o(i.HAL_RCC_GetPCLK1Freq)
    HAL_RCC_GetPCLK2Freq                     0x080030dd   Thumb Code    20  stm32f1xx_hal_rcc.o(i.HAL_RCC_GetPCLK2Freq)
    HAL_RCC_GetSysClockFreq                  0x080030fd   Thumb Code    58  stm32f1xx_hal_rcc.o(i.HAL_RCC_GetSysClockFreq)
    HAL_RCC_OscConfig                        0x08003149   Thumb Code   778  stm32f1xx_hal_rcc.o(i.HAL_RCC_OscConfig)
    HAL_RTCEx_BKUPRead                       0x08003469   Thumb Code    10  stm32f1xx_hal_rtc_ex.o(i.HAL_RTCEx_BKUPRead)
    HAL_RTCEx_BKUPWrite                      0x08003479   Thumb Code    12  stm32f1xx_hal_rtc_ex.o(i.HAL_RTCEx_BKUPWrite)
    HAL_RTCEx_RTCEventCallback               0x08003489   Thumb Code     2  stm32f1xx_hal_rtc_ex.o(i.HAL_RTCEx_RTCEventCallback)
    HAL_RTCEx_RTCEventErrorCallback          0x0800348b   Thumb Code     2  stm32f1xx_hal_rtc_ex.o(i.HAL_RTCEx_RTCEventErrorCallback)
    HAL_RTCEx_RTCIRQHandler                  0x0800348d   Thumb Code    62  stm32f1xx_hal_rtc_ex.o(i.HAL_RTCEx_RTCIRQHandler)
    HAL_RTC_GetDate                          0x080034cb   Thumb Code    78  stm32f1xx_hal_rtc.o(i.HAL_RTC_GetDate)
    HAL_RTC_GetTime                          0x08003519   Thumb Code   216  stm32f1xx_hal_rtc.o(i.HAL_RTC_GetTime)
    HAL_RTC_Init                             0x080035f1   Thumb Code   144  stm32f1xx_hal_rtc.o(i.HAL_RTC_Init)
    HAL_RTC_MspInit                          0x08003685   Thumb Code    76  rtc.o(i.HAL_RTC_MspInit)
    HAL_RTC_SetDate                          0x080036dd   Thumb Code   192  stm32f1xx_hal_rtc.o(i.HAL_RTC_SetDate)
    HAL_RTC_SetTime                          0x080037a1   Thumb Code   168  stm32f1xx_hal_rtc.o(i.HAL_RTC_SetTime)
    HAL_RTC_WaitForSynchro                   0x0800384d   Thumb Code    58  stm32f1xx_hal_rtc.o(i.HAL_RTC_WaitForSynchro)
    HAL_SYSTICK_Config                       0x08003887   Thumb Code    40  stm32f1xx_hal_cortex.o(i.HAL_SYSTICK_Config)
    HAL_UART_Init                            0x080038af   Thumb Code   100  stm32f1xx_hal_uart.o(i.HAL_UART_Init)
    HAL_UART_MspInit                         0x08003915   Thumb Code   100  usart.o(i.HAL_UART_MspInit)
    HardFault_Handler                        0x08003985   Thumb Code     2  stm32f1xx_it.o(i.HardFault_Handler)
    LED0_Init                                0x08003dc5   Thumb Code    12  led.o(i.LED0_Init)
    LED0_Troggle                             0x08003dd5   Thumb Code    10  led.o(i.LED0_Troggle)
    LED_RGB_Blue                             0x08003de5   Thumb Code    10  led.o(i.LED_RGB_Blue)
    LED_RGB_Green                            0x08003def   Thumb Code    10  led.o(i.LED_RGB_Green)
    LED_RGB_Init                             0x08003df9   Thumb Code    50  led.o(i.LED_RGB_Init)
    LED_RGB_Red                              0x08003e35   Thumb Code     8  led.o(i.LED_RGB_Red)
    LED_RGB_Set                              0x08003e3d   Thumb Code    70  led.o(i.LED_RGB_Set)
    LED_RGB_White                            0x08003e8d   Thumb Code     8  led.o(i.LED_RGB_White)
    MPU6050_ConvertAccel                     0x08003e95   Thumb Code    52  mpu6050.o(i.MPU6050_ConvertAccel)
    MPU6050_ConvertGyro                      0x08003ec9   Thumb Code    44  mpu6050.o(i.MPU6050_ConvertGyro)
    MPU6050_Init                             0x08003f05   Thumb Code    82  mpu6050.o(i.MPU6050_Init)
    MPU6050_ReadAccel                        0x08003f59   Thumb Code    60  mpu6050.o(i.MPU6050_ReadAccel)
    MPU6050_ReadGyro                         0x08003f99   Thumb Code    60  mpu6050.o(i.MPU6050_ReadGyro)
    MPU6050_ReadReg                          0x08003fd9   Thumb Code    38  mpu6050.o(i.MPU6050_ReadReg)
    MPU6050_ReadSensors                      0x08004005   Thumb Code   120  mpu6050.o(i.MPU6050_ReadSensors)
    MPU6050_Sleep                            0x0800407d   Thumb Code     8  mpu6050.o(i.MPU6050_Sleep)
    MPU6050_WakeUp                           0x08004085   Thumb Code    20  mpu6050.o(i.MPU6050_WakeUp)
    MPU6050_WriteReg                         0x08004099   Thumb Code    30  mpu6050.o(i.MPU6050_WriteReg)
    MX_FREERTOS_Init                         0x080040bd   Thumb Code   100  freertos.o(i.MX_FREERTOS_Init)
    MX_GPIO_Init                             0x08004141   Thumb Code   232  gpio.o(i.MX_GPIO_Init)
    MX_I2C1_Init                             0x0800423d   Thumb Code    50  i2c.o(i.MX_I2C1_Init)
    MX_I2C2_Init                             0x0800427d   Thumb Code    50  i2c.o(i.MX_I2C2_Init)
    MX_RTC_Init                              0x080042bd   Thumb Code   254  rtc.o(i.MX_RTC_Init)
    MX_USART1_UART_Init                      0x080043c9   Thumb Code    48  usart.o(i.MX_USART1_UART_Init)
    MemManage_Handler                        0x08004401   Thumb Code     2  stm32f1xx_it.o(i.MemManage_Handler)
    NMI_Handler                              0x08004403   Thumb Code     2  stm32f1xx_it.o(i.NMI_Handler)
    OLED_Clear                               0x08004405   Thumb Code    52  oled.o(i.OLED_Clear)
    OLED_Display_Off                         0x08004439   Thumb Code    24  oled.o(i.OLED_Display_Off)
    OLED_Display_On                          0x08004451   Thumb Code    24  oled.o(i.OLED_Display_On)
    OLED_DrawLowPowerPage                    0x08004469   Thumb Code    52  ui_lowpower.o(i.OLED_DrawLowPowerPage)
    OLED_DrawMPU6050Page                     0x080044c1   Thumb Code   240  ui_mpu6050.o(i.OLED_DrawMPU6050Page)
    OLED_DrawMenu                            0x08004655   Thumb Code    74  ui_menu.o(i.OLED_DrawMenu)
    OLED_DrawRGBMenu                         0x080046c1   Thumb Code   132  ui_rgb.o(i.OLED_DrawRGBMenu)
    OLED_DrawRTCPage                         0x080047a1   Thumb Code   136  ui_rtc.o(i.OLED_DrawRTCPage)
    OLED_Init                                0x08004899   Thumb Code    28  oled.o(i.OLED_Init)
    OLED_Set_Pos                             0x080048b9   Thumb Code    34  oled.o(i.OLED_Set_Pos)
    OLED_ShowChar                            0x080048dd   Thumb Code   148  oled.o(i.OLED_ShowChar)
    OLED_ShowNum                             0x08004979   Thumb Code   116  oled.o(i.OLED_ShowNum)
    OLED_ShowString                          0x080049ed   Thumb Code    88  oled.o(i.OLED_ShowString)
    OLED_WR_CMD                              0x08004a45   Thumb Code    32  oled.o(i.OLED_WR_CMD)
    OLED_WR_DATA                             0x08004a69   Thumb Code    32  oled.o(i.OLED_WR_DATA)
    RGB_Contorl_Ui                           0x08004a95   Thumb Code    14  ui_rgb.o(i.RGB_Contorl_Ui)
    RTC_Alarm_IRQHandler                     0x08004aa9   Thumb Code    38  stm32f1xx_it.o(i.RTC_Alarm_IRQHandler)
    RTC_IRQHandler                           0x08004c21   Thumb Code     6  stm32f1xx_it.o(i.RTC_IRQHandler)
    SysTick_Handler                          0x08004d01   Thumb Code    24  stm32f1xx_it.o(i.SysTick_Handler)
    SystemClock_Config                       0x08004d19   Thumb Code   128  main.o(i.SystemClock_Config)
    SystemInit                               0x08004d99   Thumb Code     2  system_stm32f1xx.o(i.SystemInit)
    UsageFault_Handler                       0x08004e55   Thumb Code     2  stm32f1xx_it.o(i.UsageFault_Handler)
    __ARM_fpclassify                         0x08004e57   Thumb Code    40  fpclassify.o(i.__ARM_fpclassify)
    _is_digit                                0x08004e9f   Thumb Code    14  __printf_wp.o(i._is_digit)
    _sys_exit                                0x08004ead   Thumb Code     2  main.o(i._sys_exit)
    eTaskConfirmSleepModeStatus              0x08004eb1   Thumb Code    38  tasks.o(i.eTaskConfirmSleepModeStatus)
    fputc                                    0x08004ee1   Thumb Code    18  main.o(i.fputc)
    main                                     0x08004ef9   Thumb Code   128  main.o(i.main)
    oled_pow                                 0x08004fa1   Thumb Code    16  oled.o(i.oled_pow)
    osDelay                                  0x08004fb1   Thumb Code    26  cmsis_os2.o(i.osDelay)
    osKernelGetTickCount                     0x08004fcb   Thumb Code    14  cmsis_os2.o(i.osKernelGetTickCount)
    osKernelInitialize                       0x08004fd9   Thumb Code    32  cmsis_os2.o(i.osKernelInitialize)
    osKernelStart                            0x08004ffd   Thumb Code    48  cmsis_os2.o(i.osKernelStart)
    osMessageQueueGet                        0x08005035   Thumb Code    96  cmsis_os2.o(i.osMessageQueueGet)
    osMessageQueueGetCount                   0x08005099   Thumb Code    20  cmsis_os2.o(i.osMessageQueueGetCount)
    osMessageQueueNew                        0x080050ad   Thumb Code    88  cmsis_os2.o(i.osMessageQueueNew)
    osMessageQueuePut                        0x08005105   Thumb Code   100  cmsis_os2.o(i.osMessageQueuePut)
    osThreadFlagsSet                         0x0800516d   Thumb Code   110  cmsis_os2.o(i.osThreadFlagsSet)
    osThreadFlagsWait                        0x080051e1   Thumb Code   150  cmsis_os2.o(i.osThreadFlagsWait)
    osThreadNew                              0x08005279   Thumb Code   138  cmsis_os2.o(i.osThreadNew)
    pvPortMalloc                             0x08005af9   Thumb Code   216  heap_4.o(i.pvPortMalloc)
    pxPortInitialiseStack                    0x08005bd5   Thumb Code    32  port.o(i.pxPortInitialiseStack)
    uxListRemove                             0x08005bf9   Thumb Code    38  list.o(i.uxListRemove)
    uxQueueMessagesWaiting                   0x08005c1f   Thumb Code    36  queue.o(i.uxQueueMessagesWaiting)
    uxQueueMessagesWaitingFromISR            0x08005c43   Thumb Code    22  queue.o(i.uxQueueMessagesWaitingFromISR)
    vApplicationGetIdleTaskMemory            0x08005c59   Thumb Code    16  cmsis_os2.o(i.vApplicationGetIdleTaskMemory)
    vApplicationGetTimerTaskMemory           0x08005c6d   Thumb Code    18  cmsis_os2.o(i.vApplicationGetTimerTaskMemory)
    vListInitialise                          0x08005c85   Thumb Code    22  list.o(i.vListInitialise)
    vListInitialiseItem                      0x08005c9b   Thumb Code     6  list.o(i.vListInitialiseItem)
    vListInsert                              0x08005ca1   Thumb Code    48  list.o(i.vListInsert)
    vListInsertEnd                           0x08005cd1   Thumb Code    24  list.o(i.vListInsertEnd)
    vPortEnterCritical                       0x08005ce9   Thumb Code    54  port.o(i.vPortEnterCritical)
    vPortExitCritical                        0x08005d29   Thumb Code    34  port.o(i.vPortExitCritical)
    vPortFree                                0x08005d51   Thumb Code    94  heap_4.o(i.vPortFree)
    vPortSetupTimerInterrupt                 0x08005db5   Thumb Code    64  port.o(i.vPortSetupTimerInterrupt)
    vPortSuppressTicksAndSleep               0x08005dfd   Thumb Code   314  freertos.o(i.vPortSuppressTicksAndSleep)
    vPortValidateInterruptPriority           0x08005f55   Thumb Code    74  port.o(i.vPortValidateInterruptPriority)
    vQueueAddToRegistry                      0x08005fa9   Thumb Code    34  queue.o(i.vQueueAddToRegistry)
    vQueueWaitForMessageRestricted           0x08005fd1   Thumb Code    68  queue.o(i.vQueueWaitForMessageRestricted)
    vTaskDelay                               0x08006015   Thumb Code    66  tasks.o(i.vTaskDelay)
    vTaskInternalSetTimeOutState             0x08006061   Thumb Code    12  tasks.o(i.vTaskInternalSetTimeOutState)
    vTaskMissedYield                         0x08006071   Thumb Code     8  tasks.o(i.vTaskMissedYield)
    vTaskPlaceOnEventList                    0x0800607d   Thumb Code    44  tasks.o(i.vTaskPlaceOnEventList)
    vTaskPlaceOnEventListRestricted          0x080060ad   Thumb Code    52  tasks.o(i.vTaskPlaceOnEventListRestricted)
    vTaskStartScheduler                      0x080060e5   Thumb Code   118  tasks.o(i.vTaskStartScheduler)
    vTaskStepTick                            0x0800616d   Thumb Code    36  tasks.o(i.vTaskStepTick)
    vTaskSuspendAll                          0x08006195   Thumb Code    10  tasks.o(i.vTaskSuspendAll)
    vTaskSwitchContext                       0x080061a5   Thumb Code    90  tasks.o(i.vTaskSwitchContext)
    xPortStartScheduler                      0x08006209   Thumb Code   154  port.o(i.xPortStartScheduler)
    xPortSysTickHandler                      0x080062b1   Thumb Code    38  port.o(i.xPortSysTickHandler)
    xQueueGenericCreate                      0x080062dd   Thumb Code    66  queue.o(i.xQueueGenericCreate)
    xQueueGenericCreateStatic                0x0800631f   Thumb Code   102  queue.o(i.xQueueGenericCreateStatic)
    xQueueGenericReset                       0x08006385   Thumb Code   132  queue.o(i.xQueueGenericReset)
    xQueueGenericSend                        0x0800640d   Thumb Code   346  queue.o(i.xQueueGenericSend)
    xQueueGenericSendFromISR                 0x0800656d   Thumb Code   190  queue.o(i.xQueueGenericSendFromISR)
    xQueueReceive                            0x0800662d   Thumb Code   308  queue.o(i.xQueueReceive)
    xQueueReceiveFromISR                     0x08006765   Thumb Code   154  queue.o(i.xQueueReceiveFromISR)
    xTaskCheckForTimeOut                     0x08006801   Thumb Code   112  tasks.o(i.xTaskCheckForTimeOut)
    xTaskCreate                              0x08006875   Thumb Code    90  tasks.o(i.xTaskCreate)
    xTaskCreateStatic                        0x080068cf   Thumb Code    86  tasks.o(i.xTaskCreateStatic)
    xTaskGenericNotify                       0x08006925   Thumb Code   214  tasks.o(i.xTaskGenericNotify)
    xTaskGenericNotifyFromISR                0x08006a09   Thumb Code   246  tasks.o(i.xTaskGenericNotifyFromISR)
    xTaskGetSchedulerState                   0x08006b0d   Thumb Code    22  tasks.o(i.xTaskGetSchedulerState)
    xTaskGetTickCount                        0x08006b29   Thumb Code     6  tasks.o(i.xTaskGetTickCount)
    xTaskGetTickCountFromISR                 0x08006b35   Thumb Code    12  tasks.o(i.xTaskGetTickCountFromISR)
    xTaskIncrementTick                       0x08006b45   Thumb Code   192  tasks.o(i.xTaskIncrementTick)
    xTaskNotifyWait                          0x08006c0d   Thumb Code   130  tasks.o(i.xTaskNotifyWait)
    xTaskPriorityDisinherit                  0x08006c99   Thumb Code   118  tasks.o(i.xTaskPriorityDisinherit)
    xTaskRemoveFromEventList                 0x08006d19   Thumb Code   106  tasks.o(i.xTaskRemoveFromEventList)
    xTaskResumeAll                           0x08006d91   Thumb Code   182  tasks.o(i.xTaskResumeAll)
    xTimerCreateTimerTask                    0x08006e55   Thumb Code    78  timers.o(i.xTimerCreateTimerTask)
    xTimerGenericCommand                     0x08006eb5   Thumb Code    98  timers.o(i.xTimerGenericCommand)
    _get_lc_numeric                          0x08006f1d   Thumb Code    44  lc_numeric_c.o(locale$$code)
    __fpl_dretinf                            0x08006f49   Thumb Code    12  dretinf.o(x$fpl$dretinf)
    __aeabi_f2d                              0x08006f55   Thumb Code     0  f2d.o(x$fpl$f2d)
    _f2d                                     0x08006f55   Thumb Code    86  f2d.o(x$fpl$f2d)
    __aeabi_fdiv                             0x08006fad   Thumb Code     0  fdiv.o(x$fpl$fdiv)
    _fdiv                                    0x08006fad   Thumb Code   384  fdiv.o(x$fpl$fdiv)
    __aeabi_i2f                              0x08007131   Thumb Code     0  fflt_clz.o(x$fpl$fflt)
    _fflt                                    0x08007131   Thumb Code    48  fflt_clz.o(x$fpl$fflt)
    __fpl_fnaninf                            0x08007161   Thumb Code   140  fnaninf.o(x$fpl$fnaninf)
    __fpl_fretinf                            0x080071ed   Thumb Code    10  fretinf.o(x$fpl$fretinf)
    _printf_fp_dec                           0x080071f7   Thumb Code     4  printf1.o(x$fpl$printf1)
    __I$use$fp                               0x080071fa   Number         0  usenofp.o(x$fpl$usenofp)
    Task_BreathingLed_attributes             0x080071fc   Data          36  freertos.o(.constdata)
    Task_Key_attributes                      0x08007220   Data          36  freertos.o(.constdata)
    Task_Gui_attributes                      0x08007244   Data          36  freertos.o(.constdata)
    Task_DHT11Read_attributes                0x08007268   Data          36  freertos.o(.constdata)
    Task_MPU6050Read_attributes              0x0800728c   Data          36  freertos.o(.constdata)
    Task_RTCRead_attributes                  0x080072b0   Data          36  freertos.o(.constdata)
    AHBPrescTable                            0x080072f8   Data          16  system_stm32f1xx.o(.constdata)
    APBPrescTable                            0x08007308   Data           8  system_stm32f1xx.o(.constdata)
    F6x8                                     0x08007310   Data         552  oledfont.o(.constdata)
    F8X16                                    0x08007538   Data        1504  oledfont.o(.constdata)
    Region$$Table$$Base                      0x08007ce0   Number         0  anon$$obj.o(Region$$Table)
    Region$$Table$$Limit                     0x08007d00   Number         0  anon$$obj.o(Region$$Table)
    __stdout                                 0x20000000   Data           4  main.o(.data)
    UI_QueueHandle                           0x20000004   Data           4  freertos.o(.data)
    Task_BreathingLed_Handle                 0x2000000c   Data           4  freertos.o(.data)
    Task_KeyHandle                           0x20000010   Data           4  freertos.o(.data)
    Task_GuiHandle                           0x20000014   Data           4  freertos.o(.data)
    Task_DHT11Read_Handle                    0x20000018   Data           4  freertos.o(.data)
    Task_MPU6050Read_Handle                  0x2000001c   Data           4  freertos.o(.data)
    Task_RTCRead_Handle                      0x20000020   Data           4  freertos.o(.data)
    Menu_Index                               0x20000024   Data           1  ui_task.o(.data)
    Show_Offset                              0x20000025   Data           1  ui_task.o(.data)
    RGB_Menu_Index                           0x20000026   Data           1  ui_task.o(.data)
    cur_page                                 0x20000027   Data           1  ui_task.o(.data)
    led_state_white                          0x20000028   Data           1  ui_task.o(.data)
    led_state_red                            0x20000029   Data           1  ui_task.o(.data)
    led_state_blue                           0x2000002a   Data           1  ui_task.o(.data)
    led_state_green                          0x2000002b   Data           1  ui_task.o(.data)
    Menu_Items                               0x2000002c   Data          28  ui_menu.o(.data)
    g_LowPowerMode                           0x20000048   Data           1  ui_lowpower.o(.data)
    mpu_display_mode                         0x20000049   Data           1  ui_mpu6050.o(.data)
    g_RTC_Data                               0x2000004c   Data           8  ui_rtc.o(.data)
    Weekday_Str                              0x20000054   Data          32  ui_rtc.o(.data)
    g_SensorData                             0x2000007c   Data           8  app_dht11.o(.data)
    uwTickFreq                               0x20000084   Data           1  stm32f1xx_hal.o(.data)
    uwTickPrio                               0x20000088   Data           4  stm32f1xx_hal.o(.data)
    uwTick                                   0x2000008c   Data           4  stm32f1xx_hal.o(.data)
    SystemCoreClock                          0x20000090   Data           4  system_stm32f1xx.o(.data)
    CMD_Data                                 0x20000094   Data          23  oled.o(.data)
    dht11_error_code                         0x200000ab   Data           1  dht11.o(.data)
    pxCurrentTCB                             0x200000ac   Data           4  tasks.o(.data)
    hi2c1                                    0x20000138   Data          84  i2c.o(.bss)
    hi2c2                                    0x2000018c   Data          84  i2c.o(.bss)
    hrtc                                     0x200001e0   Data          20  rtc.o(.bss)
    huart1                                   0x200001f4   Data          72  usart.o(.bss)
    g_MPU_Data                               0x2000023c   Data          24  ui_mpu6050.o(.bss)
    rec_data                                 0x20000254   Data          16  dht11.o(.bss)
    xQueueRegistry                           0x20000264   Data          64  queue.o(.bss)
    __libspace_start                         0x20003738   Data          96  libspace.o(.bss)
    __temporary_stack_top$libspace           0x20003798   Data           0  libspace.o(.bss)



==============================================================================

Memory Map of the image

  Image Entry point : 0x080000ed

  Load Region LR_IROM1 (Base: 0x08000000, Size: 0x00007e54, Max: 0x00010000, ABSOLUTE, COMPRESSED[0x00007d74])

    Execution Region ER_IROM1 (Exec base: 0x08000000, Load base: 0x08000000, Size: 0x00007d1c, Max: 0x00010000, ABSOLUTE)

    Exec Addr    Load Addr    Size         Type   Attr      Idx    E Section Name        Object

    0x08000000   0x08000000   0x000000ec   Data   RO            3    RESET               startup_stm32f103xb.o
    0x080000ec   0x080000ec   0x00000008   Code   RO         5538  * !!!main             c_w.l(__main.o)
    0x080000f4   0x080000f4   0x00000034   Code   RO         5794    !!!scatter          c_w.l(__scatter.o)
    0x08000128   0x08000128   0x0000005a   Code   RO         5792    !!dczerorl2         c_w.l(__dczerorl2.o)
    0x08000182   0x08000182   0x00000002   PAD
    0x08000184   0x08000184   0x0000001c   Code   RO         5796    !!handler_zi        c_w.l(__scatter_zi.o)
    0x080001a0   0x080001a0   0x00000000   Code   RO         5527    .ARM.Collect$$_printf_percent$$00000000  c_w.l(_printf_percent.o)
    0x080001a0   0x080001a0   0x00000006   Code   RO         5526    .ARM.Collect$$_printf_percent$$00000003  c_w.l(_printf_f.o)
    0x080001a6   0x080001a6   0x00000006   Code   RO         5525    .ARM.Collect$$_printf_percent$$00000009  c_w.l(_printf_d.o)
    0x080001ac   0x080001ac   0x00000006   Code   RO         5524    .ARM.Collect$$_printf_percent$$00000014  c_w.l(_printf_s.o)
    0x080001b2   0x080001b2   0x00000004   Code   RO         5581    .ARM.Collect$$_printf_percent$$00000017  c_w.l(_printf_percent_end.o)
    0x080001b6   0x080001b6   0x00000002   Code   RO         5669    .ARM.Collect$$libinit$$00000000  c_w.l(libinit.o)
    0x080001b8   0x080001b8   0x00000000   Code   RO         5671    .ARM.Collect$$libinit$$00000002  c_w.l(libinit2.o)
    0x080001b8   0x080001b8   0x00000000   Code   RO         5673    .ARM.Collect$$libinit$$00000004  c_w.l(libinit2.o)
    0x080001b8   0x080001b8   0x00000000   Code   RO         5676    .ARM.Collect$$libinit$$0000000A  c_w.l(libinit2.o)
    0x080001b8   0x080001b8   0x00000000   Code   RO         5678    .ARM.Collect$$libinit$$0000000C  c_w.l(libinit2.o)
    0x080001b8   0x080001b8   0x00000000   Code   RO         5680    .ARM.Collect$$libinit$$0000000E  c_w.l(libinit2.o)
    0x080001b8   0x080001b8   0x00000006   Code   RO         5681    .ARM.Collect$$libinit$$0000000F  c_w.l(libinit2.o)
    0x080001be   0x080001be   0x00000000   Code   RO         5683    .ARM.Collect$$libinit$$00000011  c_w.l(libinit2.o)
    0x080001be   0x080001be   0x00000000   Code   RO         5685    .ARM.Collect$$libinit$$00000013  c_w.l(libinit2.o)
    0x080001be   0x080001be   0x00000000   Code   RO         5687    .ARM.Collect$$libinit$$00000015  c_w.l(libinit2.o)
    0x080001be   0x080001be   0x0000000a   Code   RO         5688    .ARM.Collect$$libinit$$00000016  c_w.l(libinit2.o)
    0x080001c8   0x080001c8   0x00000000   Code   RO         5689    .ARM.Collect$$libinit$$00000017  c_w.l(libinit2.o)
    0x080001c8   0x080001c8   0x00000000   Code   RO         5691    .ARM.Collect$$libinit$$00000019  c_w.l(libinit2.o)
    0x080001c8   0x080001c8   0x00000000   Code   RO         5693    .ARM.Collect$$libinit$$0000001B  c_w.l(libinit2.o)
    0x080001c8   0x080001c8   0x00000000   Code   RO         5695    .ARM.Collect$$libinit$$0000001D  c_w.l(libinit2.o)
    0x080001c8   0x080001c8   0x00000000   Code   RO         5697    .ARM.Collect$$libinit$$0000001F  c_w.l(libinit2.o)
    0x080001c8   0x080001c8   0x00000000   Code   RO         5699    .ARM.Collect$$libinit$$00000021  c_w.l(libinit2.o)
    0x080001c8   0x080001c8   0x00000000   Code   RO         5701    .ARM.Collect$$libinit$$00000023  c_w.l(libinit2.o)
    0x080001c8   0x080001c8   0x00000000   Code   RO         5703    .ARM.Collect$$libinit$$00000025  c_w.l(libinit2.o)
    0x080001c8   0x080001c8   0x00000000   Code   RO         5707    .ARM.Collect$$libinit$$0000002C  c_w.l(libinit2.o)
    0x080001c8   0x080001c8   0x00000000   Code   RO         5709    .ARM.Collect$$libinit$$0000002E  c_w.l(libinit2.o)
    0x080001c8   0x080001c8   0x00000000   Code   RO         5711    .ARM.Collect$$libinit$$00000030  c_w.l(libinit2.o)
    0x080001c8   0x080001c8   0x00000000   Code   RO         5713    .ARM.Collect$$libinit$$00000032  c_w.l(libinit2.o)
    0x080001c8   0x080001c8   0x00000002   Code   RO         5714    .ARM.Collect$$libinit$$00000033  c_w.l(libinit2.o)
    0x080001ca   0x080001ca   0x00000002   Code   RO         5742    .ARM.Collect$$libshutdown$$00000000  c_w.l(libshutdown.o)
    0x080001cc   0x080001cc   0x00000000   Code   RO         5751    .ARM.Collect$$libshutdown$$00000002  c_w.l(libshutdown2.o)
    0x080001cc   0x080001cc   0x00000000   Code   RO         5753    .ARM.Collect$$libshutdown$$00000004  c_w.l(libshutdown2.o)
    0x080001cc   0x080001cc   0x00000000   Code   RO         5756    .ARM.Collect$$libshutdown$$00000007  c_w.l(libshutdown2.o)
    0x080001cc   0x080001cc   0x00000000   Code   RO         5759    .ARM.Collect$$libshutdown$$0000000A  c_w.l(libshutdown2.o)
    0x080001cc   0x080001cc   0x00000000   Code   RO         5761    .ARM.Collect$$libshutdown$$0000000C  c_w.l(libshutdown2.o)
    0x080001cc   0x080001cc   0x00000000   Code   RO         5764    .ARM.Collect$$libshutdown$$0000000F  c_w.l(libshutdown2.o)
    0x080001cc   0x080001cc   0x00000002   Code   RO         5765    .ARM.Collect$$libshutdown$$00000010  c_w.l(libshutdown2.o)
    0x080001ce   0x080001ce   0x00000000   Code   RO         5568    .ARM.Collect$$rtentry$$00000000  c_w.l(__rtentry.o)
    0x080001ce   0x080001ce   0x00000000   Code   RO         5594    .ARM.Collect$$rtentry$$00000002  c_w.l(__rtentry2.o)
    0x080001ce   0x080001ce   0x00000006   Code   RO         5606    .ARM.Collect$$rtentry$$00000004  c_w.l(__rtentry4.o)
    0x080001d4   0x080001d4   0x00000000   Code   RO         5596    .ARM.Collect$$rtentry$$00000009  c_w.l(__rtentry2.o)
    0x080001d4   0x080001d4   0x00000004   Code   RO         5597    .ARM.Collect$$rtentry$$0000000A  c_w.l(__rtentry2.o)
    0x080001d8   0x080001d8   0x00000000   Code   RO         5599    .ARM.Collect$$rtentry$$0000000C  c_w.l(__rtentry2.o)
    0x080001d8   0x080001d8   0x00000008   Code   RO         5600    .ARM.Collect$$rtentry$$0000000D  c_w.l(__rtentry2.o)
    0x080001e0   0x080001e0   0x00000002   Code   RO         5715    .ARM.Collect$$rtexit$$00000000  c_w.l(rtexit.o)
    0x080001e2   0x080001e2   0x00000000   Code   RO         5722    .ARM.Collect$$rtexit$$00000002  c_w.l(rtexit2.o)
    0x080001e2   0x080001e2   0x00000004   Code   RO         5723    .ARM.Collect$$rtexit$$00000003  c_w.l(rtexit2.o)
    0x080001e6   0x080001e6   0x00000006   Code   RO         5724    .ARM.Collect$$rtexit$$00000004  c_w.l(rtexit2.o)
    0x080001ec   0x080001ec   0x00000096   Code   RO         5399    .emb_text           port.o
    0x08000282   0x08000282   0x00000002   PAD
    0x08000284   0x08000284   0x00000040   Code   RO            4    .text               startup_stm32f103xb.o
    0x080002c4   0x080002c4   0x00000002   Code   RO         5484    .text               c_w.l(use_no_semi_2.o)
    0x080002c6   0x080002c6   0x00000002   PAD
    0x080002c8   0x080002c8   0x00000018   Code   RO         5492    .text               c_w.l(noretval__2printf.o)
    0x080002e0   0x080002e0   0x00000028   Code   RO         5494    .text               c_w.l(noretval__2sprintf.o)
    0x08000308   0x08000308   0x0000004e   Code   RO         5498    .text               c_w.l(_printf_pad.o)
    0x08000356   0x08000356   0x00000052   Code   RO         5500    .text               c_w.l(_printf_str.o)
    0x080003a8   0x080003a8   0x00000078   Code   RO         5502    .text               c_w.l(_printf_dec.o)
    0x08000420   0x08000420   0x00000138   Code   RO         5516    .text               c_w.l(__printf_flags_wp.o)
    0x08000558   0x08000558   0x0000008a   Code   RO         5528    .text               c_w.l(rt_memcpy_v6.o)
    0x080005e2   0x080005e2   0x00000010   Code   RO         5532    .text               c_w.l(aeabi_memset.o)
    0x080005f2   0x080005f2   0x0000004e   Code   RO         5534    .text               c_w.l(rt_memclr_w.o)
    0x08000640   0x08000640   0x00000006   Code   RO         5536    .text               c_w.l(heapauxi.o)
    0x08000646   0x08000646   0x00000002   Code   RO         5566    .text               c_w.l(use_no_semi.o)
    0x08000648   0x08000648   0x000000b2   Code   RO         5569    .text               c_w.l(_printf_intcommon.o)
    0x080006fa   0x080006fa   0x0000041e   Code   RO         5571    .text               c_w.l(_printf_fp_dec.o)
    0x08000b18   0x08000b18   0x00000030   Code   RO         5573    .text               c_w.l(_printf_char_common.o)
    0x08000b48   0x08000b48   0x0000000a   Code   RO         5575    .text               c_w.l(_sputc.o)
    0x08000b52   0x08000b52   0x0000002c   Code   RO         5577    .text               c_w.l(_printf_char.o)
    0x08000b7e   0x08000b7e   0x00000002   PAD
    0x08000b80   0x08000b80   0x00000024   Code   RO         5579    .text               c_w.l(_printf_char_file.o)
    0x08000ba4   0x08000ba4   0x00000064   Code   RO         5582    .text               c_w.l(rt_memcpy_w.o)
    0x08000c08   0x08000c08   0x00000044   Code   RO         5584    .text               c_w.l(rt_memclr.o)
    0x08000c4c   0x08000c4c   0x00000008   Code   RO         5611    .text               c_w.l(rt_locale_intlibspace.o)
    0x08000c54   0x08000c54   0x0000008a   Code   RO         5613    .text               c_w.l(lludiv10.o)
    0x08000cde   0x08000cde   0x00000002   PAD
    0x08000ce0   0x08000ce0   0x00000080   Code   RO         5615    .text               c_w.l(_printf_fp_infnan.o)
    0x08000d60   0x08000d60   0x000000e4   Code   RO         5619    .text               c_w.l(bigflt0.o)
    0x08000e44   0x08000e44   0x00000008   Code   RO         5644    .text               c_w.l(ferror.o)
    0x08000e4c   0x08000e4c   0x00000008   Code   RO         5655    .text               c_w.l(libspace.o)
    0x08000e54   0x08000e54   0x0000004a   Code   RO         5658    .text               c_w.l(sys_stackheap_outer.o)
    0x08000e9e   0x08000e9e   0x00000012   Code   RO         5660    .text               c_w.l(exit.o)
    0x08000eb0   0x08000eb0   0x00000080   Code   RO         5662    .text               c_w.l(strcmpv7m.o)
    0x08000f30   0x08000f30   0x0000003e   Code   RO         5622    CL$$btod_d2e        c_w.l(btod.o)
    0x08000f6e   0x08000f6e   0x00000046   Code   RO         5624    CL$$btod_d2e_denorm_low  c_w.l(btod.o)
    0x08000fb4   0x08000fb4   0x00000060   Code   RO         5623    CL$$btod_d2e_norm_op1  c_w.l(btod.o)
    0x08001014   0x08001014   0x00000338   Code   RO         5632    CL$$btod_div_common  c_w.l(btod.o)
    0x0800134c   0x0800134c   0x000000dc   Code   RO         5629    CL$$btod_e2e        c_w.l(btod.o)
    0x08001428   0x08001428   0x0000002a   Code   RO         5626    CL$$btod_ediv       c_w.l(btod.o)
    0x08001452   0x08001452   0x0000002a   Code   RO         5625    CL$$btod_emul       c_w.l(btod.o)
    0x0800147c   0x0800147c   0x00000244   Code   RO         5631    CL$$btod_mult_common  c_w.l(btod.o)
    0x080016c0   0x080016c0   0x00000038   Code   RO          973    i.AppPowerGate_Acquire  app_power_gate.o
    0x080016f8   0x080016f8   0x00000030   Code   RO          975    i.AppPowerGate_Init  app_power_gate.o
    0x08001728   0x08001728   0x00000040   Code   RO          977    i.AppPowerGate_Release  app_power_gate.o
    0x08001768   0x08001768   0x0000003c   Code   RO         1072    i.AppTask_BreathingLed  app_breathingled.o
    0x080017a4   0x080017a4   0x000000f4   Code   RO         1041    i.AppTask_DHT11Read  app_dht11.o
    0x08001898   0x08001898   0x00000194   Code   RO          707    i.AppTask_Gui       ui_task.o
    0x08001a2c   0x08001a2c   0x00000188   Code   RO          949    i.AppTask_Key       app_key.o
    0x08001bb4   0x08001bb4   0x000000b4   Code   RO         1096    i.AppTask_MPU6050Read  app_mpu6050.o
    0x08001c68   0x08001c68   0x00000054   Code   RO         1120    i.AppTask_RTCRead   app_rtc.o
    0x08001cbc   0x08001cbc   0x00000002   Code   RO          555    i.BusFault_Handler  stm32f1xx_it.o
    0x08001cbe   0x08001cbe   0x00000002   PAD
    0x08001cc0   0x08001cc0   0x0000009c   Code   RO          788    i.DHT11_Data_Ui     ui_dht11.o
    0x08001d5c   0x08001d5c   0x00000010   Code   RO         3503    i.DHT11_Power_Close  dht11.o
    0x08001d6c   0x08001d6c   0x00000010   Code   RO         3504    i.DHT11_Power_Open  dht11.o
    0x08001d7c   0x08001d7c   0x00000144   Code   RO         3505    i.DHT11_REC_Data    dht11.o
    0x08001ec0   0x08001ec0   0x00000070   Code   RO         3506    i.DHT11_Rec_Byte    dht11.o
    0x08001f30   0x08001f30   0x00000002   Code   RO          556    i.DebugMon_Handler  stm32f1xx_it.o
    0x08001f32   0x08001f32   0x00000012   Code   RO          557    i.EXTI9_5_IRQHandler  stm32f1xx_it.o
    0x08001f44   0x08001f44   0x00000004   Code   RO           13    i.Error_Handler     main.o
    0x08001f48   0x08001f48   0x00000068   Code   RO          848    i.Execute_LowPower_Toggle  ui_lowpower.o
    0x08001fb0   0x08001fb0   0x00000090   Code   RO          750    i.Execute_Menu_Action  ui_menu.o
    0x08002040   0x08002040   0x000000e0   Code   RO          812    i.Execute_RGB_Action  ui_rgb.o
    0x08002120   0x08002120   0x00000016   Code   RO          978    i.GPIO_ToAnalog     app_power_gate.o
    0x08002136   0x08002136   0x00000002   PAD
    0x08002138   0x08002138   0x000000a0   Code   RO          979    i.Gate_Off          app_power_gate.o
    0x080021d8   0x080021d8   0x000000d4   Code   RO          980    i.Gate_On           app_power_gate.o
    0x080022ac   0x080022ac   0x00000024   Code   RO         1193    i.HAL_Delay         stm32f1xx_hal.o
    0x080022d0   0x080022d0   0x00000118   Code   RO         1500    i.HAL_GPIO_DeInit   stm32f1xx_hal_gpio.o
    0x080023e8   0x080023e8   0x0000001c   Code   RO          558    i.HAL_GPIO_EXTI_Callback  stm32f1xx_it.o
    0x08002404   0x08002404   0x00000018   Code   RO         1502    i.HAL_GPIO_EXTI_IRQHandler  stm32f1xx_hal_gpio.o
    0x0800241c   0x0800241c   0x000001e0   Code   RO         1503    i.HAL_GPIO_Init     stm32f1xx_hal_gpio.o
    0x080025fc   0x080025fc   0x0000000a   Code   RO         1505    i.HAL_GPIO_ReadPin  stm32f1xx_hal_gpio.o
    0x08002606   0x08002606   0x00000010   Code   RO         1506    i.HAL_GPIO_TogglePin  stm32f1xx_hal_gpio.o
    0x08002616   0x08002616   0x0000000a   Code   RO         1507    i.HAL_GPIO_WritePin  stm32f1xx_hal_gpio.o
    0x08002620   0x08002620   0x0000000c   Code   RO         1197    i.HAL_GetTick       stm32f1xx_hal.o
    0x0800262c   0x0800262c   0x00000032   Code   RO         2165    i.HAL_I2C_DeInit    stm32f1xx_hal_i2c.o
    0x0800265e   0x0800265e   0x00000002   PAD
    0x08002660   0x08002660   0x00000188   Code   RO         2174    i.HAL_I2C_Init      stm32f1xx_hal_i2c.o
    0x080027e8   0x080027e8   0x0000025c   Code   RO         2192    i.HAL_I2C_Mem_Read  stm32f1xx_hal_i2c.o
    0x08002a44   0x08002a44   0x00000130   Code   RO         2195    i.HAL_I2C_Mem_Write  stm32f1xx_hal_i2c.o
    0x08002b74   0x08002b74   0x00000058   Code   RO          417    i.HAL_I2C_MspDeInit  i2c.o
    0x08002bcc   0x08002bcc   0x000000a8   Code   RO          418    i.HAL_I2C_MspInit   i2c.o
    0x08002c74   0x08002c74   0x00000010   Code   RO         1203    i.HAL_IncTick       stm32f1xx_hal.o
    0x08002c84   0x08002c84   0x00000024   Code   RO         1204    i.HAL_Init          stm32f1xx_hal.o
    0x08002ca8   0x08002ca8   0x00000040   Code   RO         1205    i.HAL_InitTick      stm32f1xx_hal.o
    0x08002ce8   0x08002ce8   0x00000048   Code   RO          683    i.HAL_MspInit       stm32f1xx_hal_msp.o
    0x08002d30   0x08002d30   0x0000001a   Code   RO         1663    i.HAL_NVIC_EnableIRQ  stm32f1xx_hal_cortex.o
    0x08002d4a   0x08002d4a   0x00000002   PAD
    0x08002d4c   0x08002d4c   0x00000040   Code   RO         1669    i.HAL_NVIC_SetPriority  stm32f1xx_hal_cortex.o
    0x08002d8c   0x08002d8c   0x00000024   Code   RO         1670    i.HAL_NVIC_SetPriorityGrouping  stm32f1xx_hal_cortex.o
    0x08002db0   0x08002db0   0x0000000c   Code   RO         1785    i.HAL_PWR_EnableBkUpAccess  stm32f1xx_hal_pwr.o
    0x08002dbc   0x08002dbc   0x00000044   Code   RO         1792    i.HAL_PWR_EnterSTOPMode  stm32f1xx_hal_pwr.o
    0x08002e00   0x08002e00   0x000000a4   Code   RO         1464    i.HAL_RCCEx_GetPeriphCLKFreq  stm32f1xx_hal_rcc_ex.o
    0x08002ea4   0x08002ea4   0x000000ec   Code   RO         1465    i.HAL_RCCEx_PeriphCLKConfig  stm32f1xx_hal_rcc_ex.o
    0x08002f90   0x08002f90   0x0000012c   Code   RO         1361    i.HAL_RCC_ClockConfig  stm32f1xx_hal_rcc.o
    0x080030bc   0x080030bc   0x00000020   Code   RO         1368    i.HAL_RCC_GetPCLK1Freq  stm32f1xx_hal_rcc.o
    0x080030dc   0x080030dc   0x00000020   Code   RO         1369    i.HAL_RCC_GetPCLK2Freq  stm32f1xx_hal_rcc.o
    0x080030fc   0x080030fc   0x0000004c   Code   RO         1370    i.HAL_RCC_GetSysClockFreq  stm32f1xx_hal_rcc.o
    0x08003148   0x08003148   0x00000320   Code   RO         1373    i.HAL_RCC_OscConfig  stm32f1xx_hal_rcc.o
    0x08003468   0x08003468   0x00000010   Code   RO         2770    i.HAL_RTCEx_BKUPRead  stm32f1xx_hal_rtc_ex.o
    0x08003478   0x08003478   0x00000010   Code   RO         2771    i.HAL_RTCEx_BKUPWrite  stm32f1xx_hal_rtc_ex.o
    0x08003488   0x08003488   0x00000002   Code   RO         2775    i.HAL_RTCEx_RTCEventCallback  stm32f1xx_hal_rtc_ex.o
    0x0800348a   0x0800348a   0x00000002   Code   RO         2776    i.HAL_RTCEx_RTCEventErrorCallback  stm32f1xx_hal_rtc_ex.o
    0x0800348c   0x0800348c   0x0000003e   Code   RO         2777    i.HAL_RTCEx_RTCIRQHandler  stm32f1xx_hal_rtc_ex.o
    0x080034ca   0x080034ca   0x0000004e   Code   RO         2605    i.HAL_RTC_GetDate   stm32f1xx_hal_rtc.o
    0x08003518   0x08003518   0x000000d8   Code   RO         2607    i.HAL_RTC_GetTime   stm32f1xx_hal_rtc.o
    0x080035f0   0x080035f0   0x00000094   Code   RO         2608    i.HAL_RTC_Init      stm32f1xx_hal_rtc.o
    0x08003684   0x08003684   0x00000058   Code   RO          466    i.HAL_RTC_MspInit   rtc.o
    0x080036dc   0x080036dc   0x000000c4   Code   RO         2614    i.HAL_RTC_SetDate   stm32f1xx_hal_rtc.o
    0x080037a0   0x080037a0   0x000000ac   Code   RO         2615    i.HAL_RTC_SetTime   stm32f1xx_hal_rtc.o
    0x0800384c   0x0800384c   0x0000003a   Code   RO         2616    i.HAL_RTC_WaitForSynchro  stm32f1xx_hal_rtc.o
    0x08003886   0x08003886   0x00000028   Code   RO         1674    i.HAL_SYSTICK_Config  stm32f1xx_hal_cortex.o
    0x080038ae   0x080038ae   0x00000064   Code   RO         2902    i.HAL_UART_Init     stm32f1xx_hal_uart.o
    0x08003912   0x08003912   0x00000002   PAD
    0x08003914   0x08003914   0x00000070   Code   RO          514    i.HAL_UART_MspInit  usart.o
    0x08003984   0x08003984   0x00000002   Code   RO          559    i.HardFault_Handler  stm32f1xx_it.o
    0x08003986   0x08003986   0x0000002e   Code   RO         2217    i.I2C_IsAcknowledgeFailed  stm32f1xx_hal_i2c.o
    0x080039b4   0x080039b4   0x000000fc   Code   RO         2227    i.I2C_RequestMemoryRead  stm32f1xx_hal_i2c.o
    0x08003ab0   0x08003ab0   0x000000a8   Code   RO         2228    i.I2C_RequestMemoryWrite  stm32f1xx_hal_i2c.o
    0x08003b58   0x08003b58   0x00000056   Code   RO         2232    i.I2C_WaitOnBTFFlagUntilTimeout  stm32f1xx_hal_i2c.o
    0x08003bae   0x08003bae   0x00000002   PAD
    0x08003bb0   0x08003bb0   0x00000090   Code   RO         2233    i.I2C_WaitOnFlagUntilTimeout  stm32f1xx_hal_i2c.o
    0x08003c40   0x08003c40   0x000000bc   Code   RO         2234    i.I2C_WaitOnMasterAddressFlagUntilTimeout  stm32f1xx_hal_i2c.o
    0x08003cfc   0x08003cfc   0x00000070   Code   RO         2235    i.I2C_WaitOnRXNEFlagUntilTimeout  stm32f1xx_hal_i2c.o
    0x08003d6c   0x08003d6c   0x00000056   Code   RO         2236    i.I2C_WaitOnTXEFlagUntilTimeout  stm32f1xx_hal_i2c.o
    0x08003dc2   0x08003dc2   0x00000002   PAD
    0x08003dc4   0x08003dc4   0x00000010   Code   RO         3434    i.LED0_Init         led.o
    0x08003dd4   0x08003dd4   0x00000010   Code   RO         3435    i.LED0_Troggle      led.o
    0x08003de4   0x08003de4   0x0000000a   Code   RO         3436    i.LED_RGB_Blue      led.o
    0x08003dee   0x08003dee   0x0000000a   Code   RO         3437    i.LED_RGB_Green     led.o
    0x08003df8   0x08003df8   0x0000003c   Code   RO         3438    i.LED_RGB_Init      led.o
    0x08003e34   0x08003e34   0x00000008   Code   RO         3439    i.LED_RGB_Red       led.o
    0x08003e3c   0x08003e3c   0x00000050   Code   RO         3440    i.LED_RGB_Set       led.o
    0x08003e8c   0x08003e8c   0x00000008   Code   RO         3441    i.LED_RGB_White     led.o
    0x08003e94   0x08003e94   0x00000034   Code   RO         3551    i.MPU6050_ConvertAccel  mpu6050.o
    0x08003ec8   0x08003ec8   0x0000003c   Code   RO         3552    i.MPU6050_ConvertGyro  mpu6050.o
    0x08003f04   0x08003f04   0x00000052   Code   RO         3554    i.MPU6050_Init      mpu6050.o
    0x08003f56   0x08003f56   0x00000002   PAD
    0x08003f58   0x08003f58   0x00000040   Code   RO         3555    i.MPU6050_ReadAccel  mpu6050.o
    0x08003f98   0x08003f98   0x00000040   Code   RO         3556    i.MPU6050_ReadGyro  mpu6050.o
    0x08003fd8   0x08003fd8   0x0000002c   Code   RO         3557    i.MPU6050_ReadReg   mpu6050.o
    0x08004004   0x08004004   0x00000078   Code   RO         3558    i.MPU6050_ReadSensors  mpu6050.o
    0x0800407c   0x0800407c   0x00000008   Code   RO         3561    i.MPU6050_Sleep     mpu6050.o
    0x08004084   0x08004084   0x00000014   Code   RO         3562    i.MPU6050_WakeUp    mpu6050.o
    0x08004098   0x08004098   0x00000024   Code   RO         3563    i.MPU6050_WriteReg  mpu6050.o
    0x080040bc   0x080040bc   0x00000084   Code   RO          348    i.MX_FREERTOS_Init  freertos.o
    0x08004140   0x08004140   0x000000fc   Code   RO          237    i.MX_GPIO_Init      gpio.o
    0x0800423c   0x0800423c   0x00000040   Code   RO          419    i.MX_I2C1_Init      i2c.o
    0x0800427c   0x0800427c   0x00000040   Code   RO          420    i.MX_I2C2_Init      i2c.o
    0x080042bc   0x080042bc   0x0000010c   Code   RO          467    i.MX_RTC_Init       rtc.o
    0x080043c8   0x080043c8   0x00000038   Code   RO          515    i.MX_USART1_UART_Init  usart.o
    0x08004400   0x08004400   0x00000002   Code   RO          560    i.MemManage_Handler  stm32f1xx_it.o
    0x08004402   0x08004402   0x00000002   Code   RO          561    i.NMI_Handler       stm32f1xx_it.o
    0x08004404   0x08004404   0x00000034   Code   RO         3273    i.OLED_Clear        oled.o
    0x08004438   0x08004438   0x00000018   Code   RO         3275    i.OLED_Display_Off  oled.o
    0x08004450   0x08004450   0x00000018   Code   RO         3276    i.OLED_Display_On   oled.o
    0x08004468   0x08004468   0x00000058   Code   RO          849    i.OLED_DrawLowPowerPage  ui_lowpower.o
    0x080044c0   0x080044c0   0x00000194   Code   RO          885    i.OLED_DrawMPU6050Page  ui_mpu6050.o
    0x08004654   0x08004654   0x0000006c   Code   RO          751    i.OLED_DrawMenu     ui_menu.o
    0x080046c0   0x080046c0   0x000000e0   Code   RO          813    i.OLED_DrawRGBMenu  ui_rgb.o
    0x080047a0   0x080047a0   0x000000f8   Code   RO          917    i.OLED_DrawRTCPage  ui_rtc.o
    0x08004898   0x08004898   0x00000020   Code   RO         3279    i.OLED_Init         oled.o
    0x080048b8   0x080048b8   0x00000022   Code   RO         3282    i.OLED_Set_Pos      oled.o
    0x080048da   0x080048da   0x00000002   PAD
    0x080048dc   0x080048dc   0x0000009c   Code   RO         3284    i.OLED_ShowChar     oled.o
    0x08004978   0x08004978   0x00000074   Code   RO         3285    i.OLED_ShowNum      oled.o
    0x080049ec   0x080049ec   0x00000058   Code   RO         3286    i.OLED_ShowString   oled.o
    0x08004a44   0x08004a44   0x00000024   Code   RO         3290    i.OLED_WR_CMD       oled.o
    0x08004a68   0x08004a68   0x00000024   Code   RO         3291    i.OLED_WR_DATA      oled.o
    0x08004a8c   0x08004a8c   0x00000006   Code   RO         1795    i.PWR_OverloadWfe   stm32f1xx_hal_pwr.o
    0x08004a92   0x08004a92   0x00000002   PAD
    0x08004a94   0x08004a94   0x00000014   Code   RO          814    i.RGB_Contorl_Ui    ui_rgb.o
    0x08004aa8   0x08004aa8   0x00000034   Code   RO          562    i.RTC_Alarm_IRQHandler  stm32f1xx_it.o
    0x08004adc   0x08004adc   0x00000012   Code   RO         2617    i.RTC_Bcd2ToByte    stm32f1xx_hal_rtc.o
    0x08004aee   0x08004aee   0x00000016   Code   RO         2618    i.RTC_ByteToBcd2    stm32f1xx_hal_rtc.o
    0x08004b04   0x08004b04   0x000000ae   Code   RO         2619    i.RTC_DateUpdate    stm32f1xx_hal_rtc.o
    0x08004bb2   0x08004bb2   0x00000034   Code   RO         2620    i.RTC_EnterInitMode  stm32f1xx_hal_rtc.o
    0x08004be6   0x08004be6   0x00000002   PAD
    0x08004be8   0x08004be8   0x00000036   Code   RO         2621    i.RTC_ExitInitMode  stm32f1xx_hal_rtc.o
    0x08004c1e   0x08004c1e   0x00000002   PAD
    0x08004c20   0x08004c20   0x0000000c   Code   RO          563    i.RTC_IRQHandler    stm32f1xx_it.o
    0x08004c2c   0x08004c2c   0x0000000e   Code   RO         2622    i.RTC_ReadAlarmCounter  stm32f1xx_hal_rtc.o
    0x08004c3a   0x08004c3a   0x00000020   Code   RO         2623    i.RTC_ReadTimeCounter  stm32f1xx_hal_rtc.o
    0x08004c5a   0x08004c5a   0x00000056   Code   RO         2624    i.RTC_WeekDayNum    stm32f1xx_hal_rtc.o
    0x08004cb0   0x08004cb0   0x00000028   Code   RO         2625    i.RTC_WriteAlarmCounter  stm32f1xx_hal_rtc.o
    0x08004cd8   0x08004cd8   0x00000028   Code   RO         2626    i.RTC_WriteTimeCounter  stm32f1xx_hal_rtc.o
    0x08004d00   0x08004d00   0x00000018   Code   RO          564    i.SysTick_Handler   stm32f1xx_it.o
    0x08004d18   0x08004d18   0x00000080   Code   RO           14    i.SystemClock_Config  main.o
    0x08004d98   0x08004d98   0x00000002   Code   RO         3236    i.SystemInit        system_stm32f1xx.o
    0x08004d9a   0x08004d9a   0x00000002   PAD
    0x08004d9c   0x08004d9c   0x000000b8   Code   RO         2928    i.UART_SetConfig    stm32f1xx_hal_uart.o
    0x08004e54   0x08004e54   0x00000002   Code   RO          565    i.UsageFault_Handler  stm32f1xx_it.o
    0x08004e56   0x08004e56   0x00000028   Code   RO         5653    i.__ARM_fpclassify  m_ws.l(fpclassify.o)
    0x08004e7e   0x08004e7e   0x00000020   Code   RO         1676    i.__NVIC_SetPriority  stm32f1xx_hal_cortex.o
    0x08004e9e   0x08004e9e   0x0000000e   Code   RO         5514    i._is_digit         c_w.l(__printf_wp.o)
    0x08004eac   0x08004eac   0x00000002   Code   RO           15    i._sys_exit         main.o
    0x08004eae   0x08004eae   0x00000002   PAD
    0x08004eb0   0x08004eb0   0x00000030   Code   RO         4275    i.eTaskConfirmSleepModeStatus  tasks.o
    0x08004ee0   0x08004ee0   0x00000018   Code   RO           17    i.fputc             main.o
    0x08004ef8   0x08004ef8   0x000000a8   Code   RO           18    i.main              main.o
    0x08004fa0   0x08004fa0   0x00000010   Code   RO         3292    i.oled_pow          oled.o
    0x08004fb0   0x08004fb0   0x0000001a   Code   RO         4834    i.osDelay           cmsis_os2.o
    0x08004fca   0x08004fca   0x0000000e   Code   RO         4846    i.osKernelGetTickCount  cmsis_os2.o
    0x08004fd8   0x08004fd8   0x00000024   Code   RO         4848    i.osKernelInitialize  cmsis_os2.o
    0x08004ffc   0x08004ffc   0x00000038   Code   RO         4851    i.osKernelStart     cmsis_os2.o
    0x08005034   0x08005034   0x00000064   Code   RO         4863    i.osMessageQueueGet  cmsis_os2.o
    0x08005098   0x08005098   0x00000014   Code   RO         4865    i.osMessageQueueGetCount  cmsis_os2.o
    0x080050ac   0x080050ac   0x00000058   Code   RO         4868    i.osMessageQueueNew  cmsis_os2.o
    0x08005104   0x08005104   0x00000068   Code   RO         4869    i.osMessageQueuePut  cmsis_os2.o
    0x0800516c   0x0800516c   0x00000074   Code   RO         4885    i.osThreadFlagsSet  cmsis_os2.o
    0x080051e0   0x080051e0   0x00000096   Code   RO         4886    i.osThreadFlagsWait  cmsis_os2.o
    0x08005276   0x08005276   0x00000002   PAD
    0x08005278   0x08005278   0x0000008a   Code   RO         4893    i.osThreadNew       cmsis_os2.o
    0x08005302   0x08005302   0x00000002   PAD
    0x08005304   0x08005304   0x0000005c   Code   RO         4278    i.prvAddCurrentTaskToDelayedList  tasks.o
    0x08005360   0x08005360   0x000000d0   Code   RO         4279    i.prvAddNewTaskToReadyList  tasks.o
    0x08005430   0x08005430   0x00000058   Code   RO         4659    i.prvCheckForValidListAndQueue  timers.o
    0x08005488   0x08005488   0x00000026   Code   RO         3874    i.prvCopyDataFromQueue  queue.o
    0x080054ae   0x080054ae   0x0000006c   Code   RO         3875    i.prvCopyDataToQueue  queue.o
    0x0800551a   0x0800551a   0x00000034   Code   RO         4280    i.prvDeleteTCB      tasks.o
    0x0800554e   0x0800554e   0x00000002   PAD
    0x08005550   0x08005550   0x00000030   Code   RO         4281    i.prvGetExpectedIdleTime  tasks.o
    0x08005580   0x08005580   0x0000004c   Code   RO         5344    i.prvHeapInit       heap_4.o
    0x080055cc   0x080055cc   0x00000090   Code   RO         4282    i.prvIdleTask       tasks.o
    0x0800565c   0x0800565c   0x00000022   Code   RO         3877    i.prvInitialiseNewQueue  queue.o
    0x0800567e   0x0800567e   0x00000002   PAD
    0x08005680   0x08005680   0x000000b0   Code   RO         4283    i.prvInitialiseNewTask  tasks.o
    0x08005730   0x08005730   0x0000004c   Code   RO         5345    i.prvInsertBlockIntoFreeList  heap_4.o
    0x0800577c   0x0800577c   0x00000038   Code   RO         4661    i.prvInsertTimerInActiveList  timers.o
    0x080057b4   0x080057b4   0x0000001c   Code   RO         3878    i.prvIsQueueEmpty   queue.o
    0x080057d0   0x080057d0   0x000000fc   Code   RO         4662    i.prvProcessReceivedCommands  timers.o
    0x080058cc   0x080058cc   0x000000c0   Code   RO         4663    i.prvProcessTimerOrBlockTask  timers.o
    0x0800598c   0x0800598c   0x00000020   Code   RO         4285    i.prvResetNextTaskUnblockTime  tasks.o
    0x080059ac   0x080059ac   0x00000028   Code   RO         4664    i.prvSampleTimeNow  timers.o
    0x080059d4   0x080059d4   0x0000006c   Code   RO         4665    i.prvSwitchTimerLists  timers.o
    0x08005a40   0x08005a40   0x00000028   Code   RO         5400    i.prvTaskExitError  port.o
    0x08005a68   0x08005a68   0x00000024   Code   RO         4666    i.prvTimerTask      timers.o
    0x08005a8c   0x08005a8c   0x0000006a   Code   RO         3879    i.prvUnlockQueue    queue.o
    0x08005af6   0x08005af6   0x00000002   PAD
    0x08005af8   0x08005af8   0x000000dc   Code   RO         5346    i.pvPortMalloc      heap_4.o
    0x08005bd4   0x08005bd4   0x00000024   Code   RO         5401    i.pxPortInitialiseStack  port.o
    0x08005bf8   0x08005bf8   0x00000026   Code   RO         3834    i.uxListRemove      list.o
    0x08005c1e   0x08005c1e   0x00000024   Code   RO         3882    i.uxQueueMessagesWaiting  queue.o
    0x08005c42   0x08005c42   0x00000016   Code   RO         3883    i.uxQueueMessagesWaitingFromISR  queue.o
    0x08005c58   0x08005c58   0x00000014   Code   RO         4905    i.vApplicationGetIdleTaskMemory  cmsis_os2.o
    0x08005c6c   0x08005c6c   0x00000018   Code   RO         4906    i.vApplicationGetTimerTaskMemory  cmsis_os2.o
    0x08005c84   0x08005c84   0x00000016   Code   RO         3835    i.vListInitialise   list.o
    0x08005c9a   0x08005c9a   0x00000006   Code   RO         3836    i.vListInitialiseItem  list.o
    0x08005ca0   0x08005ca0   0x00000030   Code   RO         3837    i.vListInsert       list.o
    0x08005cd0   0x08005cd0   0x00000018   Code   RO         3838    i.vListInsertEnd    list.o
    0x08005ce8   0x08005ce8   0x00000040   Code   RO         5403    i.vPortEnterCritical  port.o
    0x08005d28   0x08005d28   0x00000028   Code   RO         5404    i.vPortExitCritical  port.o
    0x08005d50   0x08005d50   0x00000064   Code   RO         5347    i.vPortFree         heap_4.o
    0x08005db4   0x08005db4   0x00000048   Code   RO         5405    i.vPortSetupTimerInterrupt  port.o
    0x08005dfc   0x08005dfc   0x00000158   Code   RO          350    i.vPortSuppressTicksAndSleep  freertos.o
    0x08005f54   0x08005f54   0x00000054   Code   RO         5407    i.vPortValidateInterruptPriority  port.o
    0x08005fa8   0x08005fa8   0x00000028   Code   RO         3885    i.vQueueAddToRegistry  queue.o
    0x08005fd0   0x08005fd0   0x00000044   Code   RO         3889    i.vQueueWaitForMessageRestricted  queue.o
    0x08006014   0x08006014   0x0000004c   Code   RO         4298    i.vTaskDelay        tasks.o
    0x08006060   0x08006060   0x00000010   Code   RO         4303    i.vTaskInternalSetTimeOutState  tasks.o
    0x08006070   0x08006070   0x0000000c   Code   RO         4304    i.vTaskMissedYield  tasks.o
    0x0800607c   0x0800607c   0x00000030   Code   RO         4306    i.vTaskPlaceOnEventList  tasks.o
    0x080060ac   0x080060ac   0x00000038   Code   RO         4307    i.vTaskPlaceOnEventListRestricted  tasks.o
    0x080060e4   0x080060e4   0x00000088   Code   RO         4315    i.vTaskStartScheduler  tasks.o
    0x0800616c   0x0800616c   0x00000028   Code   RO         4316    i.vTaskStepTick     tasks.o
    0x08006194   0x08006194   0x00000010   Code   RO         4318    i.vTaskSuspendAll   tasks.o
    0x080061a4   0x080061a4   0x00000064   Code   RO         4319    i.vTaskSwitchContext  tasks.o
    0x08006208   0x08006208   0x000000a8   Code   RO         5408    i.xPortStartScheduler  port.o
    0x080062b0   0x080062b0   0x0000002c   Code   RO         5409    i.xPortSysTickHandler  port.o
    0x080062dc   0x080062dc   0x00000042   Code   RO         3894    i.xQueueGenericCreate  queue.o
    0x0800631e   0x0800631e   0x00000066   Code   RO         3895    i.xQueueGenericCreateStatic  queue.o
    0x08006384   0x08006384   0x00000088   Code   RO         3896    i.xQueueGenericReset  queue.o
    0x0800640c   0x0800640c   0x00000160   Code   RO         3897    i.xQueueGenericSend  queue.o
    0x0800656c   0x0800656c   0x000000be   Code   RO         3898    i.xQueueGenericSendFromISR  queue.o
    0x0800662a   0x0800662a   0x00000002   PAD
    0x0800662c   0x0800662c   0x00000138   Code   RO         3907    i.xQueueReceive     queue.o
    0x08006764   0x08006764   0x0000009a   Code   RO         3908    i.xQueueReceiveFromISR  queue.o
    0x080067fe   0x080067fe   0x00000002   PAD
    0x08006800   0x08006800   0x00000074   Code   RO         4321    i.xTaskCheckForTimeOut  tasks.o
    0x08006874   0x08006874   0x0000005a   Code   RO         4322    i.xTaskCreate       tasks.o
    0x080068ce   0x080068ce   0x00000056   Code   RO         4323    i.xTaskCreateStatic  tasks.o
    0x08006924   0x08006924   0x000000e4   Code   RO         4324    i.xTaskGenericNotify  tasks.o
    0x08006a08   0x08006a08   0x00000104   Code   RO         4325    i.xTaskGenericNotifyFromISR  tasks.o
    0x08006b0c   0x08006b0c   0x0000001c   Code   RO         4327    i.xTaskGetSchedulerState  tasks.o
    0x08006b28   0x08006b28   0x0000000c   Code   RO         4328    i.xTaskGetTickCount  tasks.o
    0x08006b34   0x08006b34   0x00000010   Code   RO         4329    i.xTaskGetTickCountFromISR  tasks.o
    0x08006b44   0x08006b44   0x000000c8   Code   RO         4330    i.xTaskIncrementTick  tasks.o
    0x08006c0c   0x08006c0c   0x0000008c   Code   RO         4332    i.xTaskNotifyWait   tasks.o
    0x08006c98   0x08006c98   0x00000080   Code   RO         4333    i.xTaskPriorityDisinherit  tasks.o
    0x08006d18   0x08006d18   0x00000078   Code   RO         4335    i.xTaskRemoveFromEventList  tasks.o
    0x08006d90   0x08006d90   0x000000c4   Code   RO         4336    i.xTaskResumeAll    tasks.o
    0x08006e54   0x08006e54   0x00000060   Code   RO         4675    i.xTimerCreateTimerTask  timers.o
    0x08006eb4   0x08006eb4   0x00000068   Code   RO         4676    i.xTimerGenericCommand  timers.o
    0x08006f1c   0x08006f1c   0x0000002c   Code   RO         5649    locale$$code        c_w.l(lc_numeric_c.o)
    0x08006f48   0x08006f48   0x0000000c   Code   RO         5586    x$fpl$dretinf       fz_ws.l(dretinf.o)
    0x08006f54   0x08006f54   0x00000056   Code   RO         5540    x$fpl$f2d           fz_ws.l(f2d.o)
    0x08006faa   0x08006faa   0x00000002   PAD
    0x08006fac   0x08006fac   0x00000184   Code   RO         5549    x$fpl$fdiv          fz_ws.l(fdiv.o)
    0x08007130   0x08007130   0x00000030   Code   RO         5557    x$fpl$fflt          fz_ws.l(fflt_clz.o)
    0x08007160   0x08007160   0x0000008c   Code   RO         5588    x$fpl$fnaninf       fz_ws.l(fnaninf.o)
    0x080071ec   0x080071ec   0x0000000a   Code   RO         5590    x$fpl$fretinf       fz_ws.l(fretinf.o)
    0x080071f6   0x080071f6   0x00000004   Code   RO         5564    x$fpl$printf1       fz_ws.l(printf1.o)
    0x080071fa   0x080071fa   0x00000000   Code   RO         5592    x$fpl$usenofp       fz_ws.l(usenofp.o)
    0x080071fa   0x080071fa   0x00000002   PAD
    0x080071fc   0x080071fc   0x000000d8   Data   RO          351    .constdata          freertos.o
    0x080072d4   0x080072d4   0x00000012   Data   RO         1374    .constdata          stm32f1xx_hal_rcc.o
    0x080072e6   0x080072e6   0x00000012   Data   RO         1466    .constdata          stm32f1xx_hal_rcc_ex.o
    0x080072f8   0x080072f8   0x00000010   Data   RO         3237    .constdata          system_stm32f1xx.o
    0x08007308   0x08007308   0x00000008   Data   RO         3238    .constdata          system_stm32f1xx.o
    0x08007310   0x08007310   0x00000228   Data   RO         3416    .constdata          oledfont.o
    0x08007538   0x08007538   0x000005e0   Data   RO         3417    .constdata          oledfont.o
    0x08007b18   0x08007b18   0x00000011   Data   RO         5517    .constdata          c_w.l(__printf_flags_wp.o)
    0x08007b29   0x08007b29   0x00000003   PAD
    0x08007b2c   0x08007b2c   0x00000094   Data   RO         5620    .constdata          c_w.l(bigflt0.o)
    0x08007bc0   0x08007bc0   0x0000005d   Data   RO          352    .conststring        freertos.o
    0x08007c1d   0x08007c1d   0x00000003   PAD
    0x08007c20   0x08007c20   0x00000081   Data   RO          752    .conststring        ui_menu.o
    0x08007ca1   0x08007ca1   0x00000003   PAD
    0x08007ca4   0x08007ca4   0x0000003c   Data   RO          918    .conststring        ui_rtc.o
    0x08007ce0   0x08007ce0   0x00000020   Data   RO         5790    Region$$Table       anon$$obj.o
    0x08007d00   0x08007d00   0x0000001c   Data   RO         5648    locale$$data        c_w.l(lc_numeric_c.o)


    Execution Region RW_IRAM1 (Exec base: 0x20000000, Load base: 0x08007d1c, Size: 0x00003d98, Max: 0x00005000, ABSOLUTE, COMPRESSED[0x00000058])

    Exec Addr    Load Addr    Size         Type   Attr      Idx    E Section Name        Object

    0x20000000   COMPRESSED   0x00000004   Data   RW           19    .data               main.o
    0x20000004   COMPRESSED   0x00000020   Data   RW          353    .data               freertos.o
    0x20000024   COMPRESSED   0x00000004   Data   RW          708    .data               ui_task.o
    0x20000028   COMPRESSED   0x00000001   Data   RW          709    .data               ui_task.o
    0x20000029   COMPRESSED   0x00000001   Data   RW          710    .data               ui_task.o
    0x2000002a   COMPRESSED   0x00000001   Data   RW          711    .data               ui_task.o
    0x2000002b   COMPRESSED   0x00000001   Data   RW          712    .data               ui_task.o
    0x2000002c   COMPRESSED   0x0000001c   Data   RW          753    .data               ui_menu.o
    0x20000048   COMPRESSED   0x00000001   Data   RW          850    .data               ui_lowpower.o
    0x20000049   COMPRESSED   0x00000001   Data   RW          887    .data               ui_mpu6050.o
    0x2000004a   COMPRESSED   0x00000002   PAD
    0x2000004c   COMPRESSED   0x00000028   Data   RW          919    .data               ui_rtc.o
    0x20000074   COMPRESSED   0x00000008   Data   RW          981    .data               app_power_gate.o
    0x2000007c   COMPRESSED   0x00000008   Data   RW         1042    .data               app_dht11.o
    0x20000084   COMPRESSED   0x0000000c   Data   RW         1211    .data               stm32f1xx_hal.o
    0x20000090   COMPRESSED   0x00000004   Data   RW         3239    .data               system_stm32f1xx.o
    0x20000094   COMPRESSED   0x00000017   Data   RW         3293    .data               oled.o
    0x200000ab   COMPRESSED   0x00000001   Data   RW         3508    .data               dht11.o
    0x200000ac   COMPRESSED   0x0000003c   Data   RW         4339    .data               tasks.o
    0x200000e8   COMPRESSED   0x00000014   Data   RW         4684    .data               timers.o
    0x200000fc   COMPRESSED   0x00000004   Data   RW         4908    .data               cmsis_os2.o
    0x20000100   COMPRESSED   0x00000020   Data   RW         5353    .data               heap_4.o
    0x20000120   COMPRESSED   0x00000018   Data   RW         5410    .data               port.o
    0x20000138        -       0x000000a8   Zero   RW          421    .bss                i2c.o
    0x200001e0        -       0x00000014   Zero   RW          469    .bss                rtc.o
    0x200001f4        -       0x00000048   Zero   RW          516    .bss                usart.o
    0x2000023c        -       0x00000018   Zero   RW          886    .bss                ui_mpu6050.o
    0x20000254        -       0x00000010   Zero   RW         3507    .bss                dht11.o
    0x20000264        -       0x00000040   Zero   RW         3911    .bss                queue.o
    0x200002a4        -       0x000004c4   Zero   RW         4338    .bss                tasks.o
    0x20000768        -       0x00000118   Zero   RW         4683    .bss                timers.o
    0x20000880        -       0x000006b8   Zero   RW         4907    .bss                cmsis_os2.o
    0x20000f38        -       0x00002800   Zero   RW         5352    .bss                heap_4.o
    0x20003738        -       0x00000060   Zero   RW         5656    .bss                c_w.l(libspace.o)
    0x20003798        -       0x00000200   Zero   RW            2    HEAP                startup_stm32f103xb.o
    0x20003998        -       0x00000400   Zero   RW            1    STACK               startup_stm32f103xb.o


==============================================================================

Image component sizes


      Code (inc. data)   RO Data    RW Data    ZI Data      Debug   Object Name

        60         10          0          0          0        511   app_breathingled.o
       244         40          0          8          0       2150   app_dht11.o
       392         34          0          0          0        986   app_key.o
       180         18          0          0          0        762   app_mpu6050.o
       562         48          0          8          0       8730   app_power_gate.o
        84         12          0          0          0        554   app_rtc.o
       892         36          0          4       1720      64676   cmsis_os2.o
       468         38          0          1         16       3340   dht11.o
         0          0          0          0          0      19592   event_groups.o
       476         62        309         32          0       3520   freertos.o
       252         20          0          0          0     406083   gpio.o
       472         24          0         32      10240       4759   heap_4.o
       384         64          0          0        168       2862   i2c.o
       208         30          0          0          0       3601   led.o
       138          0          0          0          0       3394   list.o
       326         46          0          4          0     393710   main.o
       550         36          0          0          0       6029   mpu6050.o
       614         20          0         23          0       6931   oled.o
         0          0       2056          0          0        626   oledfont.o
       698         74          0         24          0      10877   port.o
      1792         20          0          0         64      21066   queue.o
       356         26          0          0         20       1827   rtc.o
        64         26        236          0       1536        808   startup_stm32f103xb.o
       164         28          0         12          0       5889   stm32f1xx_hal.o
       198         14          0          0          0      28939   stm32f1xx_hal_cortex.o
       820         66          0          0          0       5677   stm32f1xx_hal_gpio.o
      2432         56          0          0          0      13639   stm32f1xx_hal_i2c.o
        72         10          0          0          0        866   stm32f1xx_hal_msp.o
        86         12          0          0          0       1623   stm32f1xx_hal_pwr.o
      1240         84         18          0          0       5112   stm32f1xx_hal_rcc.o
       400         28         18          0          0       2465   stm32f1xx_hal_rcc_ex.o
      1400         12          0          0          0      12688   stm32f1xx_hal_rtc.o
        98         10          0          0          0       3344   stm32f1xx_hal_rtc_ex.o
       284          6          0          0          0       1928   stm32f1xx_hal_uart.o
       146         24          0          0          0      12061   stm32f1xx_it.o
         0          0          0          0          0        400   stream_buffer.o
         2          0         24          4          0       1115   system_stm32f1xx.o
      2920        246          0         60       1220      32864   tasks.o
       972         80          0         20        280      31999   timers.o
       156         38          0          0          0        532   ui_dht11.o
       192         56          0          1          0       1319   ui_lowpower.o
       252         76        129         28          0       2832   ui_menu.o
       404        164          0          1         24       2069   ui_mpu6050.o
       468        120          0          0          0       1933   ui_rgb.o
       248        112         60         40          0       2361   ui_rtc.o
       404         22          0          8          0       2296   ui_task.o
       168         20          0          0         72       1678   usart.o

    ----------------------------------------------------------------------
     22782       1968       2888        312      15360    1143023   Object Totals
         0          0         32          0          0          0   (incl. Generated)
        44          0          6          2          0          0   (incl. Padding)

    ----------------------------------------------------------------------

      Code (inc. data)   RO Data    RW Data    ZI Data      Debug   Library Member Name

        90          0          0          0          0          0   __dczerorl2.o
         8          0          0          0          0         68   __main.o
       312          4         17          0          0         92   __printf_flags_wp.o
        14          0          0          0          0         68   __printf_wp.o
         0          0          0          0          0          0   __rtentry.o
        12          0          0          0          0          0   __rtentry2.o
         6          0          0          0          0          0   __rtentry4.o
        52          8          0          0          0          0   __scatter.o
        28          0          0          0          0          0   __scatter_zi.o
        44          0          0          0          0        108   _printf_char.o
        48          6          0          0          0         96   _printf_char_common.o
        36          4          0          0          0         80   _printf_char_file.o
         6          0          0          0          0          0   _printf_d.o
       120         16          0          0          0         92   _printf_dec.o
         6          0          0          0          0          0   _printf_f.o
      1054          0          0          0          0        216   _printf_fp_dec.o
       128         16          0          0          0         84   _printf_fp_infnan.o
       178          0          0          0          0         88   _printf_intcommon.o
        78          0          0          0          0        108   _printf_pad.o
         0          0          0          0          0          0   _printf_percent.o
         4          0          0          0          0          0   _printf_percent_end.o
         6          0          0          0          0          0   _printf_s.o
        82          0          0          0          0         80   _printf_str.o
        10          0          0          0          0         68   _sputc.o
        16          0          0          0          0         68   aeabi_memset.o
       228          4        148          0          0         96   bigflt0.o
      1936        128          0          0          0        672   btod.o
        18          0          0          0          0         80   exit.o
         8          0          0          0          0         68   ferror.o
         6          0          0          0          0        152   heapauxi.o
        44         10         28          0          0         76   lc_numeric_c.o
         2          0          0          0          0          0   libinit.o
        18          0          0          0          0          0   libinit2.o
         2          0          0          0          0          0   libshutdown.o
         2          0          0          0          0          0   libshutdown2.o
         8          4          0          0         96         68   libspace.o
       138          0          0          0          0         80   lludiv10.o
        24          4          0          0          0         84   noretval__2printf.o
        40          6          0          0          0         84   noretval__2sprintf.o
         8          4          0          0          0         68   rt_locale_intlibspace.o
        68          0          0          0          0         68   rt_memclr.o
        78          0          0          0          0         80   rt_memclr_w.o
       138          0          0          0          0         68   rt_memcpy_v6.o
       100          0          0          0          0         80   rt_memcpy_w.o
         2          0          0          0          0          0   rtexit.o
        10          0          0          0          0          0   rtexit2.o
       128          0          0          0          0         68   strcmpv7m.o
        74          0          0          0          0         80   sys_stackheap_outer.o
         2          0          0          0          0         68   use_no_semi.o
         2          0          0          0          0         68   use_no_semi_2.o
        12          0          0          0          0         68   dretinf.o
        86          4          0          0          0         84   f2d.o
       388         76          0          0          0         96   fdiv.o
        48          0          0          0          0         68   fflt_clz.o
       140          4          0          0          0         84   fnaninf.o
        10          0          0          0          0         68   fretinf.o
         4          0          0          0          0         68   printf1.o
         0          0          0          0          0          0   usenofp.o
        40          0          0          0          0         68   fpclassify.o

    ----------------------------------------------------------------------
      6162        298        196          0         96       4028   Library Totals
        12          0          3          0          0          0   (incl. Padding)

    ----------------------------------------------------------------------

      Code (inc. data)   RO Data    RW Data    ZI Data      Debug   Library Name

      5422        214        193          0         96       3424   c_w.l
       688         84          0          0          0        536   fz_ws.l
        40          0          0          0          0         68   m_ws.l

    ----------------------------------------------------------------------
      6162        298        196          0         96       4028   Library Totals

    ----------------------------------------------------------------------

==============================================================================


      Code (inc. data)   RO Data    RW Data    ZI Data      Debug   

     28944       2266       3084        312      15456    1132955   Grand Totals
     28944       2266       3084         88      15456    1132955   ELF Image Totals (compressed)
     28944       2266       3084         88          0          0   ROM Totals

==============================================================================

    Total RO  Size (Code + RO Data)                32028 (  31.28kB)
    Total RW  Size (RW Data + ZI Data)             15768 (  15.40kB)
    Total ROM Size (Code + RO Data + RW Data)      32116 (  31.36kB)

==============================================================================

